Resolved_BusinessPerson_referenceOnly_normalized_structured/attributeContext/Resolved_BusinessPerson_referenceOnly_normalized_structured/contactAt
Resolved_BusinessPerson_referenceOnly_normalized_structured/attributeContext/Resolved_BusinessPerson_referenceOnly_normalized_structured/contactAt/ContactKinds
Resolved_BusinessPerson_referenceOnly_normalized_structured/attributeContext/Resolved_BusinessPerson_referenceOnly_normalized_structured/contactAt/ContactKinds/emailKind
Resolved_BusinessPerson_referenceOnly_normalized_structured/attributeContext/Resolved_BusinessPerson_referenceOnly_normalized_structured/contactAt/ContactKinds/emailKind/Email
Resolved_BusinessPerson_referenceOnly_normalized_structured/attributeContext/Resolved_BusinessPerson_referenceOnly_normalized_structured/contactAt/ContactKinds/emailKind/Email/emailId
output:/Resolved_BusinessPerson_referenceOnly_normalized_structured.cdm.json/Resolved_BusinessPerson_referenceOnly_normalized_structured/attributeContext/Resolved_BusinessPerson_referenceOnly_normalized_structured/contactAt/ContactKinds/emailKind/Email/emailId/Resolved_BusinessPerson_referenceOnly_normalized_structured/hasAttributes/contactAt/members/emailKind/members/emailId/(ref)
Resolved_BusinessPerson_referenceOnly_normalized_structured/attributeContext/Resolved_BusinessPerson_referenceOnly_normalized_structured/contactAt/ContactKinds/emailKind/Email/address
output:/Resolved_BusinessPerson_referenceOnly_normalized_structured.cdm.json/Resolved_BusinessPerson_referenceOnly_normalized_structured/attributeContext/Resolved_BusinessPerson_referenceOnly_normalized_structured/contactAt/ContactKinds/emailKind/Email/address/Resolved_BusinessPerson_referenceOnly_normalized_structured/hasAttributes/contactAt/members/emailKind/members/address/(ref)
Resolved_BusinessPerson_referenceOnly_normalized_structured/attributeContext/Resolved_BusinessPerson_referenceOnly_normalized_structured/contactAt/ContactKinds/emailKind/Email/isPrimary
output:/Resolved_BusinessPerson_referenceOnly_normalized_structured.cdm.json/Resolved_BusinessPerson_referenceOnly_normalized_structured/attributeContext/Resolved_BusinessPerson_referenceOnly_normalized_structured/contactAt/ContactKinds/emailKind/Email/isPrimary/Resolved_BusinessPerson_referenceOnly_normalized_structured/hasAttributes/contactAt/members/emailKind/members/isPrimary/(ref)
Resolved_BusinessPerson_referenceOnly_normalized_structured/attributeContext/Resolved_BusinessPerson_referenceOnly_normalized_structured/contactAt/ContactKinds/phoneKind
Resolved_BusinessPerson_referenceOnly_normalized_structured/attributeContext/Resolved_BusinessPerson_referenceOnly_normalized_structured/contactAt/ContactKinds/phoneKind/Phone
Resolved_BusinessPerson_referenceOnly_normalized_structured/attributeContext/Resolved_BusinessPerson_referenceOnly_normalized_structured/contactAt/ContactKinds/phoneKind/Phone/phoneId
output:/Resolved_BusinessPerson_referenceOnly_normalized_structured.cdm.json/Resolved_BusinessPerson_referenceOnly_normalized_structured/attributeContext/Resolved_BusinessPerson_referenceOnly_normalized_structured/contactAt/ContactKinds/phoneKind/Phone/phoneId/Resolved_BusinessPerson_referenceOnly_normalized_structured/hasAttributes/contactAt/members/phoneKind/members/phoneId/(ref)
Resolved_BusinessPerson_referenceOnly_normalized_structured/attributeContext/Resolved_BusinessPerson_referenceOnly_normalized_structured/contactAt/ContactKinds/phoneKind/Phone/number
output:/Resolved_BusinessPerson_referenceOnly_normalized_structured.cdm.json/Resolved_BusinessPerson_referenceOnly_normalized_structured/attributeContext/Resolved_BusinessPerson_referenceOnly_normalized_structured/contactAt/ContactKinds/phoneKind/Phone/number/Resolved_BusinessPerson_referenceOnly_normalized_structured/hasAttributes/contactAt/members/phoneKind/members/number/(ref)
Resolved_BusinessPerson_referenceOnly_normalized_structured/attributeContext/Resolved_BusinessPerson_referenceOnly_normalized_structured/contactAt/ContactKinds/phoneKind/Phone/isPrimary
output:/Resolved_BusinessPerson_referenceOnly_normalized_structured.cdm.json/Resolved_BusinessPerson_referenceOnly_normalized_structured/attributeContext/Resolved_BusinessPerson_referenceOnly_normalized_structured/contactAt/ContactKinds/phoneKind/Phone/isPrimary/Resolved_BusinessPerson_referenceOnly_normalized_structured/hasAttributes/contactAt/members/phoneKind/members/isPrimary/(ref)
Resolved_BusinessPerson_referenceOnly_normalized_structured/attributeContext/Resolved_BusinessPerson_referenceOnly_normalized_structured/contactAt/ContactKinds/socialKind
Resolved_BusinessPerson_referenceOnly_normalized_structured/attributeContext/Resolved_BusinessPerson_referenceOnly_normalized_structured/contactAt/ContactKinds/socialKind/Social
Resolved_BusinessPerson_referenceOnly_normalized_structured/attributeContext/Resolved_BusinessPerson_referenceOnly_normalized_structured/contactAt/ContactKinds/socialKind/Social/socialId
output:/Resolved_BusinessPerson_referenceOnly_normalized_structured.cdm.json/Resolved_BusinessPerson_referenceOnly_normalized_structured/attributeContext/Resolved_BusinessPerson_referenceOnly_normalized_structured/contactAt/ContactKinds/socialKind/Social/socialId/Resolved_BusinessPerson_referenceOnly_normalized_structured/hasAttributes/contactAt/members/socialKind/members/socialId/(ref)
Resolved_BusinessPerson_referenceOnly_normalized_structured/attributeContext/Resolved_BusinessPerson_referenceOnly_normalized_structured/contactAt/ContactKinds/socialKind/Social/account
output:/Resolved_BusinessPerson_referenceOnly_normalized_structured.cdm.json/Resolved_BusinessPerson_referenceOnly_normalized_structured/attributeContext/Resolved_BusinessPerson_referenceOnly_normalized_structured/contactAt/ContactKinds/socialKind/Social/account/Resolved_BusinessPerson_referenceOnly_normalized_structured/hasAttributes/contactAt/members/socialKind/members/account/(ref)
Resolved_BusinessPerson_referenceOnly_normalized_structured/attributeContext/Resolved_BusinessPerson_referenceOnly_normalized_structured/contactAt/ContactKinds/socialKind/Social/isPrimary
output:/Resolved_BusinessPerson_referenceOnly_normalized_structured.cdm.json/Resolved_BusinessPerson_referenceOnly_normalized_structured/attributeContext/Resolved_BusinessPerson_referenceOnly_normalized_structured/contactAt/ContactKinds/socialKind/Social/isPrimary/Resolved_BusinessPerson_referenceOnly_normalized_structured/hasAttributes/contactAt/members/socialKind/members/isPrimary/(ref)
output:/Resolved_BusinessPerson_referenceOnly_normalized_structured.cdm.json/Resolved_BusinessPerson_referenceOnly_normalized_structured/hasAttributes/contactAt/(ref)
