Resolved_TestEntityAttributeNestedProjection/attributeContext/Resolved_TestEntityAttributeNestedProjection/extends
Resolved_TestEntityAttributeNestedProjection/attributeContext/Resolved_TestEntityAttributeNestedProjection/extends/CdmEntity
Resolved_TestEntityAttributeNestedProjection/attributeContext/Resolved_TestEntityAttributeNestedProjection/TestEntityAttribute
Resolved_TestEntityAttributeNestedProjection/attributeContext/Resolved_TestEntityAttributeNestedProjection/TestEntityAttribute/projection
Resolved_TestEntityAttributeNestedProjection/attributeContext/Resolved_TestEntityAttributeNestedProjection/TestEntityAttribute/projection/source
Resolved_TestEntityAttributeNestedProjection/attributeContext/Resolved_TestEntityAttributeNestedProjection/TestEntityAttribute/projection/source/projection
Resolved_TestEntityAttributeNestedProjection/attributeContext/Resolved_TestEntityAttributeNestedProjection/TestEntityAttribute/projection/source/projection/source
Resolved_TestEntityAttributeNestedProjection/attributeContext/Resolved_TestEntityAttributeNestedProjection/TestEntityAttribute/projection/source/projection/source/projection
Resolved_TestEntityAttributeNestedProjection/attributeContext/Resolved_TestEntityAttributeNestedProjection/TestEntityAttribute/projection/source/projection/source/projection/source
Resolved_TestEntityAttributeNestedProjection/attributeContext/Resolved_TestEntityAttributeNestedProjection/TestEntityAttribute/projection/source/projection/source/projection/source/TestSource
Resolved_TestEntityAttributeNestedProjection/attributeContext/Resolved_TestEntityAttributeNestedProjection/TestEntityAttribute/projection/source/projection/source/projection/source/TestSource/extends
Resolved_TestEntityAttributeNestedProjection/attributeContext/Resolved_TestEntityAttributeNestedProjection/TestEntityAttribute/projection/source/projection/source/projection/source/TestSource/extends/CdmEntity
Resolved_TestEntityAttributeNestedProjection/attributeContext/Resolved_TestEntityAttributeNestedProjection/TestEntityAttribute/projection/source/projection/source/projection/source/TestSource/TestAttribute
output:/Resolved_TestEntityAttributeNestedProjection.cdm.json/Resolved_TestEntityAttributeNestedProjection/attributeContext/Resolved_TestEntityAttributeNestedProjection/TestEntityAttribute/projection/source/projection/source/projection/source/TestSource/TestAttribute/Resolved_TestEntityAttributeNestedProjection/hasAttributes/TestAttribute/(ref)
output:/Resolved_TestEntityAttributeNestedProjection.cdm.json/Resolved_TestEntityAttributeNestedProjection/hasAttributes/TestAttribute
is.dataFormat.character
is.dataFormat.big
is.dataFormat.array
is.localized.displayedAs
  [Parameter (Name / DefaultValue): localizedDisplayText / ]
  [Argument Value: en,TestAttribute]
is.dataFormat.character
is.dataFormat.array
