Resolved_BusinessPerson_normalized_structured/attributeContext/Resolved_BusinessPerson_normalized_structured/contactAt
Resolved_BusinessPerson_normalized_structured/attributeContext/Resolved_BusinessPerson_normalized_structured/contactAt/projection
Resolved_BusinessPerson_normalized_structured/attributeContext/Resolved_BusinessPerson_normalized_structured/contactAt/projection/source
Resolved_BusinessPerson_normalized_structured/attributeContext/Resolved_BusinessPerson_normalized_structured/contactAt/projection/source/ContactKinds
Resolved_BusinessPerson_normalized_structured/attributeContext/Resolved_BusinessPerson_normalized_structured/contactAt/projection/source/ContactKinds/emailKind
Resolved_BusinessPerson_normalized_structured/attributeContext/Resolved_BusinessPerson_normalized_structured/contactAt/projection/source/ContactKinds/emailKind/Email
Resolved_BusinessPerson_normalized_structured/attributeContext/Resolved_BusinessPerson_normalized_structured/contactAt/projection/source/ContactKinds/emailKind/Email/emailId
output:/Resolved_BusinessPerson_normalized_structured.cdm.json/Resolved_BusinessPerson_normalized_structured/attributeContext/Resolved_BusinessPerson_normalized_structured/contactAt/projection/source/ContactKinds/emailKind/Email/emailId/Resolved_BusinessPerson_normalized_structured/hasAttributes/emailKind/members/emailId/(ref)
Resolved_BusinessPerson_normalized_structured/attributeContext/Resolved_BusinessPerson_normalized_structured/contactAt/projection/source/ContactKinds/emailKind/Email/address
output:/Resolved_BusinessPerson_normalized_structured.cdm.json/Resolved_BusinessPerson_normalized_structured/attributeContext/Resolved_BusinessPerson_normalized_structured/contactAt/projection/source/ContactKinds/emailKind/Email/address/Resolved_BusinessPerson_normalized_structured/hasAttributes/emailKind/members/address/(ref)
Resolved_BusinessPerson_normalized_structured/attributeContext/Resolved_BusinessPerson_normalized_structured/contactAt/projection/source/ContactKinds/emailKind/Email/isPrimary
output:/Resolved_BusinessPerson_normalized_structured.cdm.json/Resolved_BusinessPerson_normalized_structured/attributeContext/Resolved_BusinessPerson_normalized_structured/contactAt/projection/source/ContactKinds/emailKind/Email/isPrimary/Resolved_BusinessPerson_normalized_structured/hasAttributes/emailKind/members/isPrimary/(ref)
Resolved_BusinessPerson_normalized_structured/attributeContext/Resolved_BusinessPerson_normalized_structured/contactAt/projection/source/ContactKinds/phoneKind
Resolved_BusinessPerson_normalized_structured/attributeContext/Resolved_BusinessPerson_normalized_structured/contactAt/projection/source/ContactKinds/phoneKind/Phone
Resolved_BusinessPerson_normalized_structured/attributeContext/Resolved_BusinessPerson_normalized_structured/contactAt/projection/source/ContactKinds/phoneKind/Phone/phoneId
output:/Resolved_BusinessPerson_normalized_structured.cdm.json/Resolved_BusinessPerson_normalized_structured/attributeContext/Resolved_BusinessPerson_normalized_structured/contactAt/projection/source/ContactKinds/phoneKind/Phone/phoneId/Resolved_BusinessPerson_normalized_structured/hasAttributes/phoneKind/members/phoneId/(ref)
Resolved_BusinessPerson_normalized_structured/attributeContext/Resolved_BusinessPerson_normalized_structured/contactAt/projection/source/ContactKinds/phoneKind/Phone/number
output:/Resolved_BusinessPerson_normalized_structured.cdm.json/Resolved_BusinessPerson_normalized_structured/attributeContext/Resolved_BusinessPerson_normalized_structured/contactAt/projection/source/ContactKinds/phoneKind/Phone/number/Resolved_BusinessPerson_normalized_structured/hasAttributes/phoneKind/members/number/(ref)
Resolved_BusinessPerson_normalized_structured/attributeContext/Resolved_BusinessPerson_normalized_structured/contactAt/projection/source/ContactKinds/phoneKind/Phone/isPrimary
output:/Resolved_BusinessPerson_normalized_structured.cdm.json/Resolved_BusinessPerson_normalized_structured/attributeContext/Resolved_BusinessPerson_normalized_structured/contactAt/projection/source/ContactKinds/phoneKind/Phone/isPrimary/Resolved_BusinessPerson_normalized_structured/hasAttributes/phoneKind/members/isPrimary/(ref)
Resolved_BusinessPerson_normalized_structured/attributeContext/Resolved_BusinessPerson_normalized_structured/contactAt/projection/source/ContactKinds/socialKind
Resolved_BusinessPerson_normalized_structured/attributeContext/Resolved_BusinessPerson_normalized_structured/contactAt/projection/source/ContactKinds/socialKind/Social
Resolved_BusinessPerson_normalized_structured/attributeContext/Resolved_BusinessPerson_normalized_structured/contactAt/projection/source/ContactKinds/socialKind/Social/socialId
output:/Resolved_BusinessPerson_normalized_structured.cdm.json/Resolved_BusinessPerson_normalized_structured/attributeContext/Resolved_BusinessPerson_normalized_structured/contactAt/projection/source/ContactKinds/socialKind/Social/socialId/Resolved_BusinessPerson_normalized_structured/hasAttributes/socialKind/members/socialId/(ref)
Resolved_BusinessPerson_normalized_structured/attributeContext/Resolved_BusinessPerson_normalized_structured/contactAt/projection/source/ContactKinds/socialKind/Social/account
output:/Resolved_BusinessPerson_normalized_structured.cdm.json/Resolved_BusinessPerson_normalized_structured/attributeContext/Resolved_BusinessPerson_normalized_structured/contactAt/projection/source/ContactKinds/socialKind/Social/account/Resolved_BusinessPerson_normalized_structured/hasAttributes/socialKind/members/account/(ref)
Resolved_BusinessPerson_normalized_structured/attributeContext/Resolved_BusinessPerson_normalized_structured/contactAt/projection/source/ContactKinds/socialKind/Social/isPrimary
output:/Resolved_BusinessPerson_normalized_structured.cdm.json/Resolved_BusinessPerson_normalized_structured/attributeContext/Resolved_BusinessPerson_normalized_structured/contactAt/projection/source/ContactKinds/socialKind/Social/isPrimary/Resolved_BusinessPerson_normalized_structured/hasAttributes/socialKind/members/isPrimary/(ref)
output:/Resolved_BusinessPerson_normalized_structured.cdm.json/Resolved_BusinessPerson_normalized_structured/hasAttributes/emailKind/(ref)
output:/Resolved_BusinessPerson_normalized_structured.cdm.json/Resolved_BusinessPerson_normalized_structured/hasAttributes/phoneKind/(ref)
output:/Resolved_BusinessPerson_normalized_structured.cdm.json/Resolved_BusinessPerson_normalized_structured/hasAttributes/socialKind/(ref)
