Resolved_Child_referenceOnly_normalized_structured/attributeContext/Resolved_Child_referenceOnly_normalized_structured/extends
Resolved_Child_referenceOnly_normalized_structured/attributeContext/Resolved_Child_referenceOnly_normalized_structured/extends/Person
Resolved_Child_referenceOnly_normalized_structured/attributeContext/Resolved_Child_referenceOnly_normalized_structured/extends/Person/extends
Resolved_Child_referenceOnly_normalized_structured/attributeContext/Resolved_Child_referenceOnly_normalized_structured/extends/Person/extends/CdmEntity
Resolved_Child_referenceOnly_normalized_structured/attributeContext/Resolved_Child_referenceOnly_normalized_structured/extends/Person/phoneNumber
Resolved_Child_referenceOnly_normalized_structured/attributeContext/Resolved_Child_referenceOnly_normalized_structured/extends/Person/email
Resolved_Child_referenceOnly_normalized_structured/attributeContext/Resolved_Child_referenceOnly_normalized_structured/extends/Person/name
output:/Resolved_Child_referenceOnly_normalized_structured.cdm.json/Resolved_Child_referenceOnly_normalized_structured/attributeContext/Resolved_Child_referenceOnly_normalized_structured/extends/Person/name/Resolved_Child_referenceOnly_normalized_structured/hasAttributes/name/(ref)
Resolved_Child_referenceOnly_normalized_structured/attributeContext/Resolved_Child_referenceOnly_normalized_structured/extends/Person/age
output:/Resolved_Child_referenceOnly_normalized_structured.cdm.json/Resolved_Child_referenceOnly_normalized_structured/attributeContext/Resolved_Child_referenceOnly_normalized_structured/extends/Person/age/Resolved_Child_referenceOnly_normalized_structured/hasAttributes/age/(ref)
Resolved_Child_referenceOnly_normalized_structured/attributeContext/Resolved_Child_referenceOnly_normalized_structured/extends/Person/address
output:/Resolved_Child_referenceOnly_normalized_structured.cdm.json/Resolved_Child_referenceOnly_normalized_structured/attributeContext/Resolved_Child_referenceOnly_normalized_structured/extends/Person/address/Resolved_Child_referenceOnly_normalized_structured/hasAttributes/address/(ref)
output:/Resolved_Child_referenceOnly_normalized_structured.cdm.json/Resolved_Child_referenceOnly_normalized_structured/hasAttributes/name
is.dataFormat.character
is.dataFormat.big
is.dataFormat.array
is.dataFormat.character
is.dataFormat.array
output:/Resolved_Child_referenceOnly_normalized_structured.cdm.json/Resolved_Child_referenceOnly_normalized_structured/hasAttributes/age
is.dataFormat.integer
is.dataFormat.integer
output:/Resolved_Child_referenceOnly_normalized_structured.cdm.json/Resolved_Child_referenceOnly_normalized_structured/hasAttributes/address
is.dataFormat.character
is.dataFormat.big
is.dataFormat.array
is.dataFormat.character
is.dataFormat.array
