Incoming Relationships For: Product:
  FromEntity: Sales.cdm.json/Sales
  FromEntityAttribute: FKId1
  ToEntity: Product.cdm.json/Product
  ToEntityAttribute: ProductId1


