Resolved_SalesNestedFK_referenceOnly.cdm.json/attributeContext/Resolved_SalesNestedFK_referenceOnly.cdm.json/extends
Resolved_SalesNestedFK_referenceOnly.cdm.json/attributeContext/Resolved_SalesNestedFK_referenceOnly.cdm.json/extends/CdmEntity
Resolved_SalesNestedFK_referenceOnly.cdm.json/attributeContext/Resolved_SalesNestedFK_referenceOnly.cdm.json/SalesForeignKeyAmount
output:/Resolved_SalesNestedFK_referenceOnly.cdm.json.cdm.json/Resolved_SalesNestedFK_referenceOnly.cdm.json/attributeContext/Resolved_SalesNestedFK_referenceOnly.cdm.json/SalesForeignKeyAmount/Resolved_SalesNestedFK_referenceOnly.cdm.json/hasAttributes/SalesForeignKeyAmount/(ref)
Resolved_SalesNestedFK_referenceOnly.cdm.json/attributeContext/Resolved_SalesNestedFK_referenceOnly.cdm.json/SalesForeignKeyProductId
Resolved_SalesNestedFK_referenceOnly.cdm.json/attributeContext/Resolved_SalesNestedFK_referenceOnly.cdm.json/SalesForeignKeyProductId/projection
Resolved_SalesNestedFK_referenceOnly.cdm.json/attributeContext/Resolved_SalesNestedFK_referenceOnly.cdm.json/SalesForeignKeyProductId/projection/source
Resolved_SalesNestedFK_referenceOnly.cdm.json/attributeContext/Resolved_SalesNestedFK_referenceOnly.cdm.json/SalesForeignKeyProductId/projection/source/projection
Resolved_SalesNestedFK_referenceOnly.cdm.json/attributeContext/Resolved_SalesNestedFK_referenceOnly.cdm.json/SalesForeignKeyProductId/projection/source/projection/source
Resolved_SalesNestedFK_referenceOnly.cdm.json/attributeContext/Resolved_SalesNestedFK_referenceOnly.cdm.json/SalesForeignKeyProductId/projection/source/projection/source/projection
Resolved_SalesNestedFK_referenceOnly.cdm.json/attributeContext/Resolved_SalesNestedFK_referenceOnly.cdm.json/SalesForeignKeyProductId/projection/source/projection/source/projection/source
Resolved_SalesNestedFK_referenceOnly.cdm.json/attributeContext/Resolved_SalesNestedFK_referenceOnly.cdm.json/SalesForeignKeyProductId/projection/source/projection/source/projection/source/projection
Resolved_SalesNestedFK_referenceOnly.cdm.json/attributeContext/Resolved_SalesNestedFK_referenceOnly.cdm.json/SalesForeignKeyProductId/projection/source/projection/source/projection/source/projection/source
Resolved_SalesNestedFK_referenceOnly.cdm.json/attributeContext/Resolved_SalesNestedFK_referenceOnly.cdm.json/SalesForeignKeyProductId/projection/source/projection/source/projection/source/projection/source/projection
Resolved_SalesNestedFK_referenceOnly.cdm.json/attributeContext/Resolved_SalesNestedFK_referenceOnly.cdm.json/SalesForeignKeyProductId/projection/source/projection/source/projection/source/projection/source/projection/source
Resolved_SalesNestedFK_referenceOnly.cdm.json/attributeContext/Resolved_SalesNestedFK_referenceOnly.cdm.json/SalesForeignKeyProductId/projection/source/projection/source/projection/source/projection/source/projection/source/Product
Resolved_SalesNestedFK_referenceOnly.cdm.json/attributeContext/Resolved_SalesNestedFK_referenceOnly.cdm.json/SalesForeignKeyProductId/projection/source/projection/source/projection/source/projection/source/projection/source/Product/extends
Resolved_SalesNestedFK_referenceOnly.cdm.json/attributeContext/Resolved_SalesNestedFK_referenceOnly.cdm.json/SalesForeignKeyProductId/projection/source/projection/source/projection/source/projection/source/projection/source/Product/extends/CdmEntity
Resolved_SalesNestedFK_referenceOnly.cdm.json/attributeContext/Resolved_SalesNestedFK_referenceOnly.cdm.json/SalesForeignKeyProductId/projection/source/projection/source/projection/source/projection/source/projection/source/Product/ProductId
Resolved_SalesNestedFK_referenceOnly.cdm.json/attributeContext/Resolved_SalesNestedFK_referenceOnly.cdm.json/SalesForeignKeyProductId/projection/source/projection/source/projection/source/projection/source/projection/source/Product/ProductName
Resolved_SalesNestedFK_referenceOnly.cdm.json/attributeContext/Resolved_SalesNestedFK_referenceOnly.cdm.json/SalesForeignKeyProductId/projection/source/projection/source/_generatedAttributeSet
Resolved_SalesNestedFK_referenceOnly.cdm.json/attributeContext/Resolved_SalesNestedFK_referenceOnly.cdm.json/SalesForeignKeyProductId/projection/source/projection/source/_generatedAttributeSet/_generatedAttributeRound0
Resolved_SalesNestedFK_referenceOnly.cdm.json/attributeContext/Resolved_SalesNestedFK_referenceOnly.cdm.json/SalesForeignKeyProductId/projection/source/projection/source/_generatedAttributeSet/_generatedAttributeRound0/operation/index1/operationReplaceAsForeignKey
Resolved_SalesNestedFK_referenceOnly.cdm.json/attributeContext/Resolved_SalesNestedFK_referenceOnly.cdm.json/SalesForeignKeyProductId/projection/source/projection/source/_generatedAttributeSet/_generatedAttributeRound0/operation/index1/operationReplaceAsForeignKey/_foreignKey
output:/Resolved_SalesNestedFK_referenceOnly.cdm.json.cdm.json/Resolved_SalesNestedFK_referenceOnly.cdm.json/attributeContext/Resolved_SalesNestedFK_referenceOnly.cdm.json/SalesForeignKeyProductId/projection/source/projection/source/_generatedAttributeSet/_generatedAttributeRound0/operation/index1/operationReplaceAsForeignKey/_foreignKey/Resolved_SalesNestedFK_referenceOnly.cdm.json/hasAttributes/FKId/(ref)
output:/Resolved_SalesNestedFK_referenceOnly.cdm.json.cdm.json/Resolved_SalesNestedFK_referenceOnly.cdm.json/hasAttributes/SalesForeignKeyAmount
is.dataFormat.numeric.shaped
is.dataFormat.numeric.shaped
output:/Resolved_SalesNestedFK_referenceOnly.cdm.json.cdm.json/Resolved_SalesNestedFK_referenceOnly.cdm.json/hasAttributes/FKId
is.dataFormat.character
is.dataFormat.big
is.dataFormat.array
is.dataFormat.guid
means.identity.entityId
is.linkedEntity.identifier
  [Parameter (Name / DefaultValue): entityReferences / ]
  [Argument Value: Product.cdm.json/Product,ProductId,SalesForeignKeyProductId_Product]
is.dataFormat.guid
is.dataFormat.character
is.dataFormat.array
