Resolved_FriendGroup_referenceOnly/attributeContext/Resolved_FriendGroup_referenceOnly/extends
Resolved_FriendGroup_referenceOnly/attributeContext/Resolved_FriendGroup_referenceOnly/extends/CdmEntity
Resolved_FriendGroup_referenceOnly/attributeContext/Resolved_FriendGroup_referenceOnly/GroupOfPeople
Resolved_FriendGroup_referenceOnly/attributeContext/Resolved_FriendGroup_referenceOnly/GroupOfPeople/projection
Resolved_FriendGroup_referenceOnly/attributeContext/Resolved_FriendGroup_referenceOnly/GroupOfPeople/projection/source
Resolved_FriendGroup_referenceOnly/attributeContext/Resolved_FriendGroup_referenceOnly/GroupOfPeople/projection/source/ThreeMusketeers
Resolved_FriendGroup_referenceOnly/attributeContext/Resolved_FriendGroup_referenceOnly/GroupOfPeople/projection/source/ThreeMusketeers/extends
Resolved_FriendGroup_referenceOnly/attributeContext/Resolved_FriendGroup_referenceOnly/GroupOfPeople/projection/source/ThreeMusketeers/extends/CdmEntity
Resolved_FriendGroup_referenceOnly/attributeContext/Resolved_FriendGroup_referenceOnly/GroupOfPeople/projection/source/ThreeMusketeers/ThreePeople
Resolved_FriendGroup_referenceOnly/attributeContext/Resolved_FriendGroup_referenceOnly/GroupOfPeople/projection/source/ThreeMusketeers/ThreePeople/Person
Resolved_FriendGroup_referenceOnly/attributeContext/Resolved_FriendGroup_referenceOnly/GroupOfPeople/projection/source/ThreeMusketeers/ThreePeople/Person/extends
Resolved_FriendGroup_referenceOnly/attributeContext/Resolved_FriendGroup_referenceOnly/GroupOfPeople/projection/source/ThreeMusketeers/ThreePeople/Person/extends/CdmEntity
Resolved_FriendGroup_referenceOnly/attributeContext/Resolved_FriendGroup_referenceOnly/GroupOfPeople/projection/source/ThreeMusketeers/ThreePeople/Person/name
Resolved_FriendGroup_referenceOnly/attributeContext/Resolved_FriendGroup_referenceOnly/GroupOfPeople/projection/source/ThreeMusketeers/ThreePeople/Person/age
Resolved_FriendGroup_referenceOnly/attributeContext/Resolved_FriendGroup_referenceOnly/GroupOfPeople/projection/source/ThreeMusketeers/ThreePeople/Person/address
Resolved_FriendGroup_referenceOnly/attributeContext/Resolved_FriendGroup_referenceOnly/GroupOfPeople/projection/source/ThreeMusketeers/ThreePeople/Person/phoneNumber
Resolved_FriendGroup_referenceOnly/attributeContext/Resolved_FriendGroup_referenceOnly/GroupOfPeople/projection/source/ThreeMusketeers/ThreePeople/Person/email
Resolved_FriendGroup_referenceOnly/attributeContext/Resolved_FriendGroup_referenceOnly/GroupOfPeople/projection/source/ThreeMusketeers/ThreePeople/_generatedAttributeSet
Resolved_FriendGroup_referenceOnly/attributeContext/Resolved_FriendGroup_referenceOnly/GroupOfPeople/projection/source/ThreeMusketeers/ThreePeople/_generatedAttributeSet/personCount
output:/Resolved_FriendGroup_referenceOnly.cdm.json/Resolved_FriendGroup_referenceOnly/attributeContext/Resolved_FriendGroup_referenceOnly/GroupOfPeople/projection/source/ThreeMusketeers/ThreePeople/_generatedAttributeSet/personCount/Resolved_FriendGroup_referenceOnly/hasAttributes/personCount/(ref)
Resolved_FriendGroup_referenceOnly/attributeContext/Resolved_FriendGroup_referenceOnly/GroupOfPeople/projection/source/ThreeMusketeers/ThreePeople/_generatedAttributeSet/_generatedAttributeRound0
Resolved_FriendGroup_referenceOnly/attributeContext/Resolved_FriendGroup_referenceOnly/GroupOfPeople/projection/source/ThreeMusketeers/ThreePeople/_generatedAttributeSet/_generatedAttributeRound0/name1
output:/Resolved_FriendGroup_referenceOnly.cdm.json/Resolved_FriendGroup_referenceOnly/attributeContext/Resolved_FriendGroup_referenceOnly/GroupOfPeople/projection/source/ThreeMusketeers/ThreePeople/_generatedAttributeSet/_generatedAttributeRound0/name1/Resolved_FriendGroup_referenceOnly/hasAttributes/name1/(ref)
Resolved_FriendGroup_referenceOnly/attributeContext/Resolved_FriendGroup_referenceOnly/GroupOfPeople/projection/source/ThreeMusketeers/ThreePeople/_generatedAttributeSet/_generatedAttributeRound0/address1
output:/Resolved_FriendGroup_referenceOnly.cdm.json/Resolved_FriendGroup_referenceOnly/attributeContext/Resolved_FriendGroup_referenceOnly/GroupOfPeople/projection/source/ThreeMusketeers/ThreePeople/_generatedAttributeSet/_generatedAttributeRound0/address1/Resolved_FriendGroup_referenceOnly/hasAttributes/address1/(ref)
Resolved_FriendGroup_referenceOnly/attributeContext/Resolved_FriendGroup_referenceOnly/GroupOfPeople/projection/source/ThreeMusketeers/ThreePeople/_generatedAttributeSet/_generatedAttributeRound0/phoneNumber1
output:/Resolved_FriendGroup_referenceOnly.cdm.json/Resolved_FriendGroup_referenceOnly/attributeContext/Resolved_FriendGroup_referenceOnly/GroupOfPeople/projection/source/ThreeMusketeers/ThreePeople/_generatedAttributeSet/_generatedAttributeRound0/phoneNumber1/Resolved_FriendGroup_referenceOnly/hasAttributes/phoneNumber1/(ref)
Resolved_FriendGroup_referenceOnly/attributeContext/Resolved_FriendGroup_referenceOnly/GroupOfPeople/projection/source/ThreeMusketeers/ThreePeople/_generatedAttributeSet/_generatedAttributeRound0/email1
output:/Resolved_FriendGroup_referenceOnly.cdm.json/Resolved_FriendGroup_referenceOnly/attributeContext/Resolved_FriendGroup_referenceOnly/GroupOfPeople/projection/source/ThreeMusketeers/ThreePeople/_generatedAttributeSet/_generatedAttributeRound0/email1/Resolved_FriendGroup_referenceOnly/hasAttributes/email1/(ref)
Resolved_FriendGroup_referenceOnly/attributeContext/Resolved_FriendGroup_referenceOnly/GroupOfPeople/projection/source/ThreeMusketeers/ThreePeople/_generatedAttributeSet/_generatedAttributeRound1
Resolved_FriendGroup_referenceOnly/attributeContext/Resolved_FriendGroup_referenceOnly/GroupOfPeople/projection/source/ThreeMusketeers/ThreePeople/_generatedAttributeSet/_generatedAttributeRound1/name2
output:/Resolved_FriendGroup_referenceOnly.cdm.json/Resolved_FriendGroup_referenceOnly/attributeContext/Resolved_FriendGroup_referenceOnly/GroupOfPeople/projection/source/ThreeMusketeers/ThreePeople/_generatedAttributeSet/_generatedAttributeRound1/name2/Resolved_FriendGroup_referenceOnly/hasAttributes/name2/(ref)
Resolved_FriendGroup_referenceOnly/attributeContext/Resolved_FriendGroup_referenceOnly/GroupOfPeople/projection/source/ThreeMusketeers/ThreePeople/_generatedAttributeSet/_generatedAttributeRound1/address2
output:/Resolved_FriendGroup_referenceOnly.cdm.json/Resolved_FriendGroup_referenceOnly/attributeContext/Resolved_FriendGroup_referenceOnly/GroupOfPeople/projection/source/ThreeMusketeers/ThreePeople/_generatedAttributeSet/_generatedAttributeRound1/address2/Resolved_FriendGroup_referenceOnly/hasAttributes/address2/(ref)
Resolved_FriendGroup_referenceOnly/attributeContext/Resolved_FriendGroup_referenceOnly/GroupOfPeople/projection/source/ThreeMusketeers/ThreePeople/_generatedAttributeSet/_generatedAttributeRound1/phoneNumber2
output:/Resolved_FriendGroup_referenceOnly.cdm.json/Resolved_FriendGroup_referenceOnly/attributeContext/Resolved_FriendGroup_referenceOnly/GroupOfPeople/projection/source/ThreeMusketeers/ThreePeople/_generatedAttributeSet/_generatedAttributeRound1/phoneNumber2/Resolved_FriendGroup_referenceOnly/hasAttributes/phoneNumber2/(ref)
Resolved_FriendGroup_referenceOnly/attributeContext/Resolved_FriendGroup_referenceOnly/GroupOfPeople/projection/source/ThreeMusketeers/ThreePeople/_generatedAttributeSet/_generatedAttributeRound1/email2
output:/Resolved_FriendGroup_referenceOnly.cdm.json/Resolved_FriendGroup_referenceOnly/attributeContext/Resolved_FriendGroup_referenceOnly/GroupOfPeople/projection/source/ThreeMusketeers/ThreePeople/_generatedAttributeSet/_generatedAttributeRound1/email2/Resolved_FriendGroup_referenceOnly/hasAttributes/email2/(ref)
Resolved_FriendGroup_referenceOnly/attributeContext/Resolved_FriendGroup_referenceOnly/GroupOfPeople/projection/source/ThreeMusketeers/ThreePeople/_generatedAttributeSet/_generatedAttributeRound2
Resolved_FriendGroup_referenceOnly/attributeContext/Resolved_FriendGroup_referenceOnly/GroupOfPeople/projection/source/ThreeMusketeers/ThreePeople/_generatedAttributeSet/_generatedAttributeRound2/name3
output:/Resolved_FriendGroup_referenceOnly.cdm.json/Resolved_FriendGroup_referenceOnly/attributeContext/Resolved_FriendGroup_referenceOnly/GroupOfPeople/projection/source/ThreeMusketeers/ThreePeople/_generatedAttributeSet/_generatedAttributeRound2/name3/Resolved_FriendGroup_referenceOnly/hasAttributes/name3/(ref)
Resolved_FriendGroup_referenceOnly/attributeContext/Resolved_FriendGroup_referenceOnly/GroupOfPeople/projection/source/ThreeMusketeers/ThreePeople/_generatedAttributeSet/_generatedAttributeRound2/address3
output:/Resolved_FriendGroup_referenceOnly.cdm.json/Resolved_FriendGroup_referenceOnly/attributeContext/Resolved_FriendGroup_referenceOnly/GroupOfPeople/projection/source/ThreeMusketeers/ThreePeople/_generatedAttributeSet/_generatedAttributeRound2/address3/Resolved_FriendGroup_referenceOnly/hasAttributes/address3/(ref)
Resolved_FriendGroup_referenceOnly/attributeContext/Resolved_FriendGroup_referenceOnly/GroupOfPeople/projection/source/ThreeMusketeers/ThreePeople/_generatedAttributeSet/_generatedAttributeRound2/phoneNumber3
output:/Resolved_FriendGroup_referenceOnly.cdm.json/Resolved_FriendGroup_referenceOnly/attributeContext/Resolved_FriendGroup_referenceOnly/GroupOfPeople/projection/source/ThreeMusketeers/ThreePeople/_generatedAttributeSet/_generatedAttributeRound2/phoneNumber3/Resolved_FriendGroup_referenceOnly/hasAttributes/phoneNumber3/(ref)
Resolved_FriendGroup_referenceOnly/attributeContext/Resolved_FriendGroup_referenceOnly/GroupOfPeople/projection/source/ThreeMusketeers/ThreePeople/_generatedAttributeSet/_generatedAttributeRound2/email3
output:/Resolved_FriendGroup_referenceOnly.cdm.json/Resolved_FriendGroup_referenceOnly/attributeContext/Resolved_FriendGroup_referenceOnly/GroupOfPeople/projection/source/ThreeMusketeers/ThreePeople/_generatedAttributeSet/_generatedAttributeRound2/email3/Resolved_FriendGroup_referenceOnly/hasAttributes/email3/(ref)
output:/Resolved_FriendGroup_referenceOnly.cdm.json/Resolved_FriendGroup_referenceOnly/hasAttributes/personCount
is.dataFormat.integer
is.linkedEntity.array.count
is.dataFormat.integer
output:/Resolved_FriendGroup_referenceOnly.cdm.json/Resolved_FriendGroup_referenceOnly/hasAttributes/name1
is.dataFormat.character
is.dataFormat.big
is.dataFormat.array
is.dataFormat.character
is.dataFormat.array
output:/Resolved_FriendGroup_referenceOnly.cdm.json/Resolved_FriendGroup_referenceOnly/hasAttributes/address1
is.dataFormat.character
is.dataFormat.big
is.dataFormat.array
is.dataFormat.character
is.dataFormat.array
output:/Resolved_FriendGroup_referenceOnly.cdm.json/Resolved_FriendGroup_referenceOnly/hasAttributes/phoneNumber1
is.dataFormat.character
is.dataFormat.big
is.dataFormat.array
is.dataFormat.character
is.dataFormat.array
output:/Resolved_FriendGroup_referenceOnly.cdm.json/Resolved_FriendGroup_referenceOnly/hasAttributes/email1
is.dataFormat.character
is.dataFormat.big
is.dataFormat.array
is.dataFormat.character
is.dataFormat.array
output:/Resolved_FriendGroup_referenceOnly.cdm.json/Resolved_FriendGroup_referenceOnly/hasAttributes/name2
is.dataFormat.character
is.dataFormat.big
is.dataFormat.array
is.dataFormat.character
is.dataFormat.array
output:/Resolved_FriendGroup_referenceOnly.cdm.json/Resolved_FriendGroup_referenceOnly/hasAttributes/address2
is.dataFormat.character
is.dataFormat.big
is.dataFormat.array
is.dataFormat.character
is.dataFormat.array
output:/Resolved_FriendGroup_referenceOnly.cdm.json/Resolved_FriendGroup_referenceOnly/hasAttributes/phoneNumber2
is.dataFormat.character
is.dataFormat.big
is.dataFormat.array
is.dataFormat.character
is.dataFormat.array
output:/Resolved_FriendGroup_referenceOnly.cdm.json/Resolved_FriendGroup_referenceOnly/hasAttributes/email2
is.dataFormat.character
is.dataFormat.big
is.dataFormat.array
is.dataFormat.character
is.dataFormat.array
output:/Resolved_FriendGroup_referenceOnly.cdm.json/Resolved_FriendGroup_referenceOnly/hasAttributes/name3
is.dataFormat.character
is.dataFormat.big
is.dataFormat.array
is.dataFormat.character
is.dataFormat.array
output:/Resolved_FriendGroup_referenceOnly.cdm.json/Resolved_FriendGroup_referenceOnly/hasAttributes/address3
is.dataFormat.character
is.dataFormat.big
is.dataFormat.array
is.dataFormat.character
is.dataFormat.array
output:/Resolved_FriendGroup_referenceOnly.cdm.json/Resolved_FriendGroup_referenceOnly/hasAttributes/phoneNumber3
is.dataFormat.character
is.dataFormat.big
is.dataFormat.array
is.dataFormat.character
is.dataFormat.array
output:/Resolved_FriendGroup_referenceOnly.cdm.json/Resolved_FriendGroup_referenceOnly/hasAttributes/email3
is.dataFormat.character
is.dataFormat.big
is.dataFormat.array
is.dataFormat.character
is.dataFormat.array
