{
  "jsonSchemaSemanticVersion": "1.0.0",
  "imports": [
    {
      "corpusPath": "local:/NewPerson.cdm.json",
      "moniker": "resolvedFrom"
    }
  ],
  "definitions": [
    {
      "entityName": "Resolved_NewPerson_referenceOnly_normalized_structured",
      "attributeContext": {
        "type": "entity",
        "name": "Resolved_NewPerson_referenceOnly_normalized_structured",
        "definition": "resolvedFrom/NewPerson",
        "contents": [
          {
            "type": "entityReferenceExtends",
            "name": "extends",
            "parent": "Resolved_NewPerson_referenceOnly_normalized_structured/attributeContext/Resolved_NewPerson_referenceOnly_normalized_structured",
            "contents": [
              {
                "type": "entity",
                "name": "CdmEntity",
                "parent": "Resolved_NewPerson_referenceOnly_normalized_structured/attributeContext/Resolved_NewPerson_referenceOnly_normalized_structured/extends",
                "definition": "resolvedFrom/CdmEntity"
              }
            ]
          },
          {
            "type": "attributeDefinition",
            "name": "PersonInfo",
            "parent": "Resolved_NewPerson_referenceOnly_normalized_structured/attributeContext/Resolved_NewPerson_referenceOnly_normalized_structured",
            "definition": "resolvedFrom/NewPerson/hasAttributes/PersonInfo",
            "contents": [
              {
                "type": "projection",
                "name": "projection",
                "parent": "Resolved_NewPerson_referenceOnly_normalized_structured/attributeContext/Resolved_NewPerson_referenceOnly_normalized_structured/PersonInfo",
                "definition": "resolvedFrom/NewPerson/hasAttributes/PersonInfo/entity/projection",
                "contents": [
                  {
                    "type": "source",
                    "name": "source",
                    "parent": "Resolved_NewPerson_referenceOnly_normalized_structured/attributeContext/Resolved_NewPerson_referenceOnly_normalized_structured/PersonInfo/projection",
                    "contents": [
                      {
                        "type": "projection",
                        "name": "projection",
                        "parent": "Resolved_NewPerson_referenceOnly_normalized_structured/attributeContext/Resolved_NewPerson_referenceOnly_normalized_structured/PersonInfo/projection/source",
                        "definition": "resolvedFrom/NewPerson/hasAttributes/PersonInfo/entity/projection",
                        "contents": [
                          {
                            "type": "source",
                            "name": "source",
                            "parent": "Resolved_NewPerson_referenceOnly_normalized_structured/attributeContext/Resolved_NewPerson_referenceOnly_normalized_structured/PersonInfo/projection/source/projection",
                            "contents": [
                              {
                                "type": "entity",
                                "name": "Person",
                                "parent": "Resolved_NewPerson_referenceOnly_normalized_structured/attributeContext/Resolved_NewPerson_referenceOnly_normalized_structured/PersonInfo/projection/source/projection/source",
                                "definition": "resolvedFrom/Person",
                                "contents": [
                                  {
                                    "type": "entityReferenceExtends",
                                    "name": "extends",
                                    "parent": "Resolved_NewPerson_referenceOnly_normalized_structured/attributeContext/Resolved_NewPerson_referenceOnly_normalized_structured/PersonInfo/projection/source/projection/source/Person",
                                    "contents": [
                                      {
                                        "type": "entity",
                                        "name": "CdmEntity",
                                        "parent": "Resolved_NewPerson_referenceOnly_normalized_structured/attributeContext/Resolved_NewPerson_referenceOnly_normalized_structured/PersonInfo/projection/source/projection/source/Person/extends",
                                        "definition": "resolvedFrom/CdmEntity"
                                      }
                                    ]
                                  },
                                  {
                                    "type": "attributeDefinition",
                                    "name": "age",
                                    "parent": "Resolved_NewPerson_referenceOnly_normalized_structured/attributeContext/Resolved_NewPerson_referenceOnly_normalized_structured/PersonInfo/projection/source/projection/source/Person",
                                    "definition": "resolvedFrom/Person/hasAttributes/age"
                                  },
                                  {
                                    "type": "attributeDefinition",
                                    "name": "address",
                                    "parent": "Resolved_NewPerson_referenceOnly_normalized_structured/attributeContext/Resolved_NewPerson_referenceOnly_normalized_structured/PersonInfo/projection/source/projection/source/Person",
                                    "definition": "resolvedFrom/Person/hasAttributes/address"
                                  },
                                  {
                                    "type": "attributeDefinition",
                                    "name": "phoneNumber",
                                    "parent": "Resolved_NewPerson_referenceOnly_normalized_structured/attributeContext/Resolved_NewPerson_referenceOnly_normalized_structured/PersonInfo/projection/source/projection/source/Person",
                                    "definition": "resolvedFrom/Person/hasAttributes/phoneNumber"
                                  },
                                  {
                                    "type": "attributeDefinition",
                                    "name": "email",
                                    "parent": "Resolved_NewPerson_referenceOnly_normalized_structured/attributeContext/Resolved_NewPerson_referenceOnly_normalized_structured/PersonInfo/projection/source/projection/source/Person",
                                    "definition": "resolvedFrom/Person/hasAttributes/email"
                                  },
                                  {
                                    "type": "attributeDefinition",
                                    "name": "name",
                                    "parent": "Resolved_NewPerson_referenceOnly_normalized_structured/attributeContext/Resolved_NewPerson_referenceOnly_normalized_structured/PersonInfo/projection/source/projection/source/Person",
                                    "definition": "resolvedFrom/Person/hasAttributes/name",
                                    "contents": [
                                      "Resolved_NewPerson_referenceOnly_normalized_structured/hasAttributes/name"
                                    ]
                                  }
                                ]
                              }
                            ]
                          }
                        ]
                      }
                    ]
                  }
                ]
              }
            ]
          }
        ]
      },
      "hasAttributes": [
        {
          "name": "name",
          "appliedTraits": [
            "is.dataFormat.character",
            "is.dataFormat.big",
            "is.dataFormat.array"
          ],
          "attributeContext": "Resolved_NewPerson_referenceOnly_normalized_structured/attributeContext/Resolved_NewPerson_referenceOnly_normalized_structured/PersonInfo/projection/source/projection/source/Person/name",
          "dataFormat": "String"
        }
      ],
      "version": "1.1"
    }
  ]
}