Resolved_NewPerson_default/attributeContext/Resolved_NewPerson_default/extends
Resolved_NewPerson_default/attributeContext/Resolved_NewPerson_default/extends/CdmEntity
Resolved_NewPerson_default/attributeContext/Resolved_NewPerson_default/PersonInfo
Resolved_NewPerson_default/attributeContext/Resolved_NewPerson_default/PersonInfo/projection
Resolved_NewPerson_default/attributeContext/Resolved_NewPerson_default/PersonInfo/projection/source
Resolved_NewPerson_default/attributeContext/Resolved_NewPerson_default/PersonInfo/projection/source/projection
Resolved_NewPerson_default/attributeContext/Resolved_NewPerson_default/PersonInfo/projection/source/projection/source
Resolved_NewPerson_default/attributeContext/Resolved_NewPerson_default/PersonInfo/projection/source/projection/source/Person
Resolved_NewPerson_default/attributeContext/Resolved_NewPerson_default/PersonInfo/projection/source/projection/source/Person/extends
Resolved_NewPerson_default/attributeContext/Resolved_NewPerson_default/PersonInfo/projection/source/projection/source/Person/extends/CdmEntity
Resolved_NewPerson_default/attributeContext/Resolved_NewPerson_default/PersonInfo/projection/source/projection/source/Person/age
Resolved_NewPerson_default/attributeContext/Resolved_NewPerson_default/PersonInfo/projection/source/projection/source/Person/address
Resolved_NewPerson_default/attributeContext/Resolved_NewPerson_default/PersonInfo/projection/source/projection/source/Person/phoneNumber
Resolved_NewPerson_default/attributeContext/Resolved_NewPerson_default/PersonInfo/projection/source/projection/source/Person/email
Resolved_NewPerson_default/attributeContext/Resolved_NewPerson_default/PersonInfo/projection/source/projection/source/Person/name
output:/Resolved_NewPerson_default.cdm.json/Resolved_NewPerson_default/attributeContext/Resolved_NewPerson_default/PersonInfo/projection/source/projection/source/Person/name/Resolved_NewPerson_default/hasAttributes/name/(ref)
output:/Resolved_NewPerson_default.cdm.json/Resolved_NewPerson_default/hasAttributes/name
is.dataFormat.character
is.dataFormat.big
is.dataFormat.array
is.dataFormat.character
is.dataFormat.array
