Resolved_NewPerson_normalized_structured/attributeContext/Resolved_NewPerson_normalized_structured/extends
Resolved_NewPerson_normalized_structured/attributeContext/Resolved_NewPerson_normalized_structured/extends/CdmEntity
Resolved_NewPerson_normalized_structured/attributeContext/Resolved_NewPerson_normalized_structured/PersonInfo
Resolved_NewPerson_normalized_structured/attributeContext/Resolved_NewPerson_normalized_structured/PersonInfo/projection
Resolved_NewPerson_normalized_structured/attributeContext/Resolved_NewPerson_normalized_structured/PersonInfo/projection/source
Resolved_NewPerson_normalized_structured/attributeContext/Resolved_NewPerson_normalized_structured/PersonInfo/projection/source/projection
Resolved_NewPerson_normalized_structured/attributeContext/Resolved_NewPerson_normalized_structured/PersonInfo/projection/source/projection/source
Resolved_NewPerson_normalized_structured/attributeContext/Resolved_NewPerson_normalized_structured/PersonInfo/projection/source/projection/source/Person
Resolved_NewPerson_normalized_structured/attributeContext/Resolved_NewPerson_normalized_structured/PersonInfo/projection/source/projection/source/Person/extends
Resolved_NewPerson_normalized_structured/attributeContext/Resolved_NewPerson_normalized_structured/PersonInfo/projection/source/projection/source/Person/extends/CdmEntity
Resolved_NewPerson_normalized_structured/attributeContext/Resolved_NewPerson_normalized_structured/PersonInfo/projection/source/projection/source/Person/age
Resolved_NewPerson_normalized_structured/attributeContext/Resolved_NewPerson_normalized_structured/PersonInfo/projection/source/projection/source/Person/address
Resolved_NewPerson_normalized_structured/attributeContext/Resolved_NewPerson_normalized_structured/PersonInfo/projection/source/projection/source/Person/phoneNumber
Resolved_NewPerson_normalized_structured/attributeContext/Resolved_NewPerson_normalized_structured/PersonInfo/projection/source/projection/source/Person/email
Resolved_NewPerson_normalized_structured/attributeContext/Resolved_NewPerson_normalized_structured/PersonInfo/projection/source/projection/source/Person/name
output:/Resolved_NewPerson_normalized_structured.cdm.json/Resolved_NewPerson_normalized_structured/attributeContext/Resolved_NewPerson_normalized_structured/PersonInfo/projection/source/projection/source/Person/name/Resolved_NewPerson_normalized_structured/hasAttributes/name/(ref)
output:/Resolved_NewPerson_normalized_structured.cdm.json/Resolved_NewPerson_normalized_structured/hasAttributes/name
is.dataFormat.character
is.dataFormat.big
is.dataFormat.array
is.dataFormat.character
is.dataFormat.array
