Resolved_NewPerson_referenceOnly_normalized/attributeContext/Resolved_NewPerson_referenceOnly_normalized/extends
Resolved_NewPerson_referenceOnly_normalized/attributeContext/Resolved_NewPerson_referenceOnly_normalized/extends/CdmEntity
Resolved_NewPerson_referenceOnly_normalized/attributeContext/Resolved_NewPerson_referenceOnly_normalized/PersonInfo
Resolved_NewPerson_referenceOnly_normalized/attributeContext/Resolved_NewPerson_referenceOnly_normalized/PersonInfo/projection
Resolved_NewPerson_referenceOnly_normalized/attributeContext/Resolved_NewPerson_referenceOnly_normalized/PersonInfo/projection/source
Resolved_NewPerson_referenceOnly_normalized/attributeContext/Resolved_NewPerson_referenceOnly_normalized/PersonInfo/projection/source/projection
Resolved_NewPerson_referenceOnly_normalized/attributeContext/Resolved_NewPerson_referenceOnly_normalized/PersonInfo/projection/source/projection/source
Resolved_NewPerson_referenceOnly_normalized/attributeContext/Resolved_NewPerson_referenceOnly_normalized/PersonInfo/projection/source/projection/source/Person
Resolved_NewPerson_referenceOnly_normalized/attributeContext/Resolved_NewPerson_referenceOnly_normalized/PersonInfo/projection/source/projection/source/Person/extends
Resolved_NewPerson_referenceOnly_normalized/attributeContext/Resolved_NewPerson_referenceOnly_normalized/PersonInfo/projection/source/projection/source/Person/extends/CdmEntity
Resolved_NewPerson_referenceOnly_normalized/attributeContext/Resolved_NewPerson_referenceOnly_normalized/PersonInfo/projection/source/projection/source/Person/age
Resolved_NewPerson_referenceOnly_normalized/attributeContext/Resolved_NewPerson_referenceOnly_normalized/PersonInfo/projection/source/projection/source/Person/address
Resolved_NewPerson_referenceOnly_normalized/attributeContext/Resolved_NewPerson_referenceOnly_normalized/PersonInfo/projection/source/projection/source/Person/phoneNumber
Resolved_NewPerson_referenceOnly_normalized/attributeContext/Resolved_NewPerson_referenceOnly_normalized/PersonInfo/projection/source/projection/source/Person/email
Resolved_NewPerson_referenceOnly_normalized/attributeContext/Resolved_NewPerson_referenceOnly_normalized/PersonInfo/projection/source/projection/source/Person/name
output:/Resolved_NewPerson_referenceOnly_normalized.cdm.json/Resolved_NewPerson_referenceOnly_normalized/attributeContext/Resolved_NewPerson_referenceOnly_normalized/PersonInfo/projection/source/projection/source/Person/name/Resolved_NewPerson_referenceOnly_normalized/hasAttributes/name/(ref)
output:/Resolved_NewPerson_referenceOnly_normalized.cdm.json/Resolved_NewPerson_referenceOnly_normalized/hasAttributes/name
is.dataFormat.character
is.dataFormat.big
is.dataFormat.array
is.dataFormat.character
is.dataFormat.array
