Resolved_TestAllOperations/attributeContext/Resolved_TestAllOperations/extends
Resolved_TestAllOperations/attributeContext/Resolved_TestAllOperations/extends/_generatedAttributeSet
Resolved_TestAllOperations/attributeContext/Resolved_TestAllOperations/extends/_generatedAttributeSet/_generatedAttributeRound0
Resolved_TestAllOperations/attributeContext/Resolved_TestAllOperations/extends/_generatedAttributeSet/_generatedAttributeRound0/operation/index9/operationReplaceAsForeignKey
Resolved_TestAllOperations/attributeContext/Resolved_TestAllOperations/extends/_generatedAttributeSet/_generatedAttributeRound0/operation/index9/operationReplaceAsForeignKey/_foreignKey
output:/Resolved_TestAllOperations.cdm.json/Resolved_TestAllOperations/attributeContext/Resolved_TestAllOperations/extends/_generatedAttributeSet/_generatedAttributeRound0/operation/index9/operationReplaceAsForeignKey/_foreignKey/Resolved_TestAllOperations/hasAttributes/A_FK/(ref)
Resolved_TestAllOperations/attributeContext/Resolved_TestAllOperations/extends/projection
Resolved_TestAllOperations/attributeContext/Resolved_TestAllOperations/extends/projection/source
Resolved_TestAllOperations/attributeContext/Resolved_TestAllOperations/extends/projection/source/TestSource
Resolved_TestAllOperations/attributeContext/Resolved_TestAllOperations/extends/projection/source/TestSource/extends
Resolved_TestAllOperations/attributeContext/Resolved_TestAllOperations/extends/projection/source/TestSource/extends/CdmEntity
Resolved_TestAllOperations/attributeContext/Resolved_TestAllOperations/extends/projection/source/TestSource/A
Resolved_TestAllOperations/attributeContext/Resolved_TestAllOperations/extends/projection/source/TestSource/B
output:/Resolved_TestAllOperations.cdm.json/Resolved_TestAllOperations/attributeContext/Resolved_TestAllOperations/extends/projection/source/TestSource/B/Resolved_TestAllOperations/hasAttributes/B/(ref)
Resolved_TestAllOperations/attributeContext/Resolved_TestAllOperations/extends/projection/source/TestSource/C
output:/Resolved_TestAllOperations.cdm.json/Resolved_TestAllOperations/attributeContext/Resolved_TestAllOperations/extends/projection/source/TestSource/C/Resolved_TestAllOperations/hasAttributes/C/(ref)
output:/Resolved_TestAllOperations.cdm.json/Resolved_TestAllOperations/hasAttributes/B
is.dataFormat.character
is.dataFormat.big
is.dataFormat.array
is.dataFormat.character
is.dataFormat.array
output:/Resolved_TestAllOperations.cdm.json/Resolved_TestAllOperations/hasAttributes/C
is.dataFormat.character
is.dataFormat.big
is.dataFormat.array
is.dataFormat.character
is.dataFormat.array
output:/Resolved_TestAllOperations.cdm.json/Resolved_TestAllOperations/hasAttributes/A_FK
is.linkedEntity.identifier
  [Parameter (Name / DefaultValue): entityReferences / ]
  [Argument Value: TestSource.cdm.json/TestSource,A,_TestSource]
