Resolved_PersonPolymorphicSourceFK_structured.cdm.json/attributeContext/Resolved_PersonPolymorphicSourceFK_structured.cdm.json/personId
output:/Resolved_PersonPolymorphicSourceFK_structured.cdm.json.cdm.json/Resolved_PersonPolymorphicSourceFK_structured.cdm.json/attributeContext/Resolved_PersonPolymorphicSourceFK_structured.cdm.json/personId/Resolved_PersonPolymorphicSourceFK_structured.cdm.json/hasAttributes/personId/(ref)
Resolved_PersonPolymorphicSourceFK_structured.cdm.json/attributeContext/Resolved_PersonPolymorphicSourceFK_structured.cdm.json/personName
output:/Resolved_PersonPolymorphicSourceFK_structured.cdm.json.cdm.json/Resolved_PersonPolymorphicSourceFK_structured.cdm.json/attributeContext/Resolved_PersonPolymorphicSourceFK_structured.cdm.json/personName/Resolved_PersonPolymorphicSourceFK_structured.cdm.json/hasAttributes/personName/(ref)
Resolved_PersonPolymorphicSourceFK_structured.cdm.json/attributeContext/Resolved_PersonPolymorphicSourceFK_structured.cdm.json/contactAt
Resolved_PersonPolymorphicSourceFK_structured.cdm.json/attributeContext/Resolved_PersonPolymorphicSourceFK_structured.cdm.json/contactAt/projection
Resolved_PersonPolymorphicSourceFK_structured.cdm.json/attributeContext/Resolved_PersonPolymorphicSourceFK_structured.cdm.json/contactAt/projection/source
Resolved_PersonPolymorphicSourceFK_structured.cdm.json/attributeContext/Resolved_PersonPolymorphicSourceFK_structured.cdm.json/contactAt/projection/source/ContactKinds
Resolved_PersonPolymorphicSourceFK_structured.cdm.json/attributeContext/Resolved_PersonPolymorphicSourceFK_structured.cdm.json/contactAt/projection/source/ContactKinds/emailKind
Resolved_PersonPolymorphicSourceFK_structured.cdm.json/attributeContext/Resolved_PersonPolymorphicSourceFK_structured.cdm.json/contactAt/projection/source/ContactKinds/emailKind/Email
Resolved_PersonPolymorphicSourceFK_structured.cdm.json/attributeContext/Resolved_PersonPolymorphicSourceFK_structured.cdm.json/contactAt/projection/source/ContactKinds/emailKind/Email/emailId
output:/Resolved_PersonPolymorphicSourceFK_structured.cdm.json.cdm.json/Resolved_PersonPolymorphicSourceFK_structured.cdm.json/attributeContext/Resolved_PersonPolymorphicSourceFK_structured.cdm.json/contactAt/projection/source/ContactKinds/emailKind/Email/emailId/Resolved_PersonPolymorphicSourceFK_structured.cdm.json/hasAttributes/emailKind/members/emailId/(ref)
Resolved_PersonPolymorphicSourceFK_structured.cdm.json/attributeContext/Resolved_PersonPolymorphicSourceFK_structured.cdm.json/contactAt/projection/source/ContactKinds/emailKind/Email/address
output:/Resolved_PersonPolymorphicSourceFK_structured.cdm.json.cdm.json/Resolved_PersonPolymorphicSourceFK_structured.cdm.json/attributeContext/Resolved_PersonPolymorphicSourceFK_structured.cdm.json/contactAt/projection/source/ContactKinds/emailKind/Email/address/Resolved_PersonPolymorphicSourceFK_structured.cdm.json/hasAttributes/emailKind/members/address/(ref)
Resolved_PersonPolymorphicSourceFK_structured.cdm.json/attributeContext/Resolved_PersonPolymorphicSourceFK_structured.cdm.json/contactAt/projection/source/ContactKinds/emailKind/Email/isPrimary
output:/Resolved_PersonPolymorphicSourceFK_structured.cdm.json.cdm.json/Resolved_PersonPolymorphicSourceFK_structured.cdm.json/attributeContext/Resolved_PersonPolymorphicSourceFK_structured.cdm.json/contactAt/projection/source/ContactKinds/emailKind/Email/isPrimary/Resolved_PersonPolymorphicSourceFK_structured.cdm.json/hasAttributes/emailKind/members/isPrimary/(ref)
Resolved_PersonPolymorphicSourceFK_structured.cdm.json/attributeContext/Resolved_PersonPolymorphicSourceFK_structured.cdm.json/contactAt/projection/source/ContactKinds/emailKind/Email/userId
output:/Resolved_PersonPolymorphicSourceFK_structured.cdm.json.cdm.json/Resolved_PersonPolymorphicSourceFK_structured.cdm.json/attributeContext/Resolved_PersonPolymorphicSourceFK_structured.cdm.json/contactAt/projection/source/ContactKinds/emailKind/Email/userId/Resolved_PersonPolymorphicSourceFK_structured.cdm.json/hasAttributes/emailKind/members/userId/(ref)
Resolved_PersonPolymorphicSourceFK_structured.cdm.json/attributeContext/Resolved_PersonPolymorphicSourceFK_structured.cdm.json/contactAt/projection/source/ContactKinds/phoneKind
Resolved_PersonPolymorphicSourceFK_structured.cdm.json/attributeContext/Resolved_PersonPolymorphicSourceFK_structured.cdm.json/contactAt/projection/source/ContactKinds/phoneKind/Phone
Resolved_PersonPolymorphicSourceFK_structured.cdm.json/attributeContext/Resolved_PersonPolymorphicSourceFK_structured.cdm.json/contactAt/projection/source/ContactKinds/phoneKind/Phone/phoneId
output:/Resolved_PersonPolymorphicSourceFK_structured.cdm.json.cdm.json/Resolved_PersonPolymorphicSourceFK_structured.cdm.json/attributeContext/Resolved_PersonPolymorphicSourceFK_structured.cdm.json/contactAt/projection/source/ContactKinds/phoneKind/Phone/phoneId/Resolved_PersonPolymorphicSourceFK_structured.cdm.json/hasAttributes/phoneKind/members/phoneId/(ref)
Resolved_PersonPolymorphicSourceFK_structured.cdm.json/attributeContext/Resolved_PersonPolymorphicSourceFK_structured.cdm.json/contactAt/projection/source/ContactKinds/phoneKind/Phone/number
output:/Resolved_PersonPolymorphicSourceFK_structured.cdm.json.cdm.json/Resolved_PersonPolymorphicSourceFK_structured.cdm.json/attributeContext/Resolved_PersonPolymorphicSourceFK_structured.cdm.json/contactAt/projection/source/ContactKinds/phoneKind/Phone/number/Resolved_PersonPolymorphicSourceFK_structured.cdm.json/hasAttributes/phoneKind/members/number/(ref)
Resolved_PersonPolymorphicSourceFK_structured.cdm.json/attributeContext/Resolved_PersonPolymorphicSourceFK_structured.cdm.json/contactAt/projection/source/ContactKinds/phoneKind/Phone/isPrimary
output:/Resolved_PersonPolymorphicSourceFK_structured.cdm.json.cdm.json/Resolved_PersonPolymorphicSourceFK_structured.cdm.json/attributeContext/Resolved_PersonPolymorphicSourceFK_structured.cdm.json/contactAt/projection/source/ContactKinds/phoneKind/Phone/isPrimary/Resolved_PersonPolymorphicSourceFK_structured.cdm.json/hasAttributes/phoneKind/members/isPrimary/(ref)
Resolved_PersonPolymorphicSourceFK_structured.cdm.json/attributeContext/Resolved_PersonPolymorphicSourceFK_structured.cdm.json/contactAt/projection/source/ContactKinds/phoneKind/Phone/userId
output:/Resolved_PersonPolymorphicSourceFK_structured.cdm.json.cdm.json/Resolved_PersonPolymorphicSourceFK_structured.cdm.json/attributeContext/Resolved_PersonPolymorphicSourceFK_structured.cdm.json/contactAt/projection/source/ContactKinds/phoneKind/Phone/userId/Resolved_PersonPolymorphicSourceFK_structured.cdm.json/hasAttributes/phoneKind/members/userId/(ref)
Resolved_PersonPolymorphicSourceFK_structured.cdm.json/attributeContext/Resolved_PersonPolymorphicSourceFK_structured.cdm.json/contactAt/projection/source/ContactKinds/socialKind
Resolved_PersonPolymorphicSourceFK_structured.cdm.json/attributeContext/Resolved_PersonPolymorphicSourceFK_structured.cdm.json/contactAt/projection/source/ContactKinds/socialKind/Social
Resolved_PersonPolymorphicSourceFK_structured.cdm.json/attributeContext/Resolved_PersonPolymorphicSourceFK_structured.cdm.json/contactAt/projection/source/ContactKinds/socialKind/Social/socialId
output:/Resolved_PersonPolymorphicSourceFK_structured.cdm.json.cdm.json/Resolved_PersonPolymorphicSourceFK_structured.cdm.json/attributeContext/Resolved_PersonPolymorphicSourceFK_structured.cdm.json/contactAt/projection/source/ContactKinds/socialKind/Social/socialId/Resolved_PersonPolymorphicSourceFK_structured.cdm.json/hasAttributes/socialKind/members/socialId/(ref)
Resolved_PersonPolymorphicSourceFK_structured.cdm.json/attributeContext/Resolved_PersonPolymorphicSourceFK_structured.cdm.json/contactAt/projection/source/ContactKinds/socialKind/Social/account
output:/Resolved_PersonPolymorphicSourceFK_structured.cdm.json.cdm.json/Resolved_PersonPolymorphicSourceFK_structured.cdm.json/attributeContext/Resolved_PersonPolymorphicSourceFK_structured.cdm.json/contactAt/projection/source/ContactKinds/socialKind/Social/account/Resolved_PersonPolymorphicSourceFK_structured.cdm.json/hasAttributes/socialKind/members/account/(ref)
Resolved_PersonPolymorphicSourceFK_structured.cdm.json/attributeContext/Resolved_PersonPolymorphicSourceFK_structured.cdm.json/contactAt/projection/source/ContactKinds/socialKind/Social/isPrimary
output:/Resolved_PersonPolymorphicSourceFK_structured.cdm.json.cdm.json/Resolved_PersonPolymorphicSourceFK_structured.cdm.json/attributeContext/Resolved_PersonPolymorphicSourceFK_structured.cdm.json/contactAt/projection/source/ContactKinds/socialKind/Social/isPrimary/Resolved_PersonPolymorphicSourceFK_structured.cdm.json/hasAttributes/socialKind/members/isPrimary/(ref)
Resolved_PersonPolymorphicSourceFK_structured.cdm.json/attributeContext/Resolved_PersonPolymorphicSourceFK_structured.cdm.json/contactAt/projection/source/ContactKinds/socialKind/Social/userId
output:/Resolved_PersonPolymorphicSourceFK_structured.cdm.json.cdm.json/Resolved_PersonPolymorphicSourceFK_structured.cdm.json/attributeContext/Resolved_PersonPolymorphicSourceFK_structured.cdm.json/contactAt/projection/source/ContactKinds/socialKind/Social/userId/Resolved_PersonPolymorphicSourceFK_structured.cdm.json/hasAttributes/socialKind/members/userId/(ref)
output:/Resolved_PersonPolymorphicSourceFK_structured.cdm.json.cdm.json/Resolved_PersonPolymorphicSourceFK_structured.cdm.json/hasAttributes/personId
is.dataFormat.integer
is.identifiedBy
  [Parameter (Name / DefaultValue): attribute / this.attribute]
  [Argument Value: Resolved_PersonPolymorphicSourceFK_structured.cdm.json/(resolvedAttributes)/personId]
is.dataFormat.integer
output:/Resolved_PersonPolymorphicSourceFK_structured.cdm.json.cdm.json/Resolved_PersonPolymorphicSourceFK_structured.cdm.json/hasAttributes/personName
is.dataFormat.character
is.dataFormat.big
is.dataFormat.array
is.dataFormat.character
is.dataFormat.array
output:/Resolved_PersonPolymorphicSourceFK_structured.cdm.json.cdm.json/Resolved_PersonPolymorphicSourceFK_structured.cdm.json/hasAttributes/emailKind/(ref)
output:/Resolved_PersonPolymorphicSourceFK_structured.cdm.json.cdm.json/Resolved_PersonPolymorphicSourceFK_structured.cdm.json/hasAttributes/phoneKind/(ref)
output:/Resolved_PersonPolymorphicSourceFK_structured.cdm.json.cdm.json/Resolved_PersonPolymorphicSourceFK_structured.cdm.json/hasAttributes/socialKind/(ref)
