Incoming Relationships For: Person:
  Name: contactAt_Email
  FromEntity: Person.cdm.json/Person
  FromEntityAttribute: PolyFK_isPrimary
  ToEntity: Email.cdm.json/Email
  ToEntityAttribute: isPrimary


  Name: contactAt_Phone
  FromEntity: Person.cdm.json/Person
  FromEntityAttribute: PolyFK_isPrimary
  ToEntity: Phone.cdm.json/Phone
  ToEntityAttribute: isPrimary


  Name: contactAt_Social
  FromEntity: Person.cdm.json/Person
  FromEntityAttribute: PolyFK_isPrimary
  ToEntity: Social.cdm.json/Social
  ToEntityAttribute: isPrimary


  Name: contactAt_Email
  FromEntity: Person.cdm.json/Person
  FromEntityAttribute: PolyFK_userId
  ToEntity: Email.cdm.json/Email
  ToEntityAttribute: userId


  Name: contactAt_Phone
  FromEntity: Person.cdm.json/Person
  FromEntityAttribute: PolyFK_userId
  ToEntity: Phone.cdm.json/Phone
  ToEntityAttribute: userId


  Name: contactAt_Social
  FromEntity: Person.cdm.json/Person
  FromEntityAttribute: PolyFK_userId
  ToEntity: Social.cdm.json/Social
  ToEntityAttribute: userId


