Resolved_SalesArraySource_referenceOnly_normalized_structured.cdm.json/attributeContext/Resolved_SalesArraySource_referenceOnly_normalized_structured.cdm.json/extends
Resolved_SalesArraySource_referenceOnly_normalized_structured.cdm.json/attributeContext/Resolved_SalesArraySource_referenceOnly_normalized_structured.cdm.json/extends/CdmEntity
Resolved_SalesArraySource_referenceOnly_normalized_structured.cdm.json/attributeContext/Resolved_SalesArraySource_referenceOnly_normalized_structured.cdm.json/ProductsBought
Resolved_SalesArraySource_referenceOnly_normalized_structured.cdm.json/attributeContext/Resolved_SalesArraySource_referenceOnly_normalized_structured.cdm.json/ProductsBought/ProductsOfThree
Resolved_SalesArraySource_referenceOnly_normalized_structured.cdm.json/attributeContext/Resolved_SalesArraySource_referenceOnly_normalized_structured.cdm.json/ProductsBought/ProductsOfThree/extends
Resolved_SalesArraySource_referenceOnly_normalized_structured.cdm.json/attributeContext/Resolved_SalesArraySource_referenceOnly_normalized_structured.cdm.json/ProductsBought/ProductsOfThree/extends/CdmEntity
Resolved_SalesArraySource_referenceOnly_normalized_structured.cdm.json/attributeContext/Resolved_SalesArraySource_referenceOnly_normalized_structured.cdm.json/ProductsBought/ProductsOfThree/ThreeProductsBought
Resolved_SalesArraySource_referenceOnly_normalized_structured.cdm.json/attributeContext/Resolved_SalesArraySource_referenceOnly_normalized_structured.cdm.json/ProductsBought/ProductsOfThree/ThreeProductsBought/Product
Resolved_SalesArraySource_referenceOnly_normalized_structured.cdm.json/attributeContext/Resolved_SalesArraySource_referenceOnly_normalized_structured.cdm.json/ProductsBought/ProductsOfThree/ThreeProductsBought/Product/extends
Resolved_SalesArraySource_referenceOnly_normalized_structured.cdm.json/attributeContext/Resolved_SalesArraySource_referenceOnly_normalized_structured.cdm.json/ProductsBought/ProductsOfThree/ThreeProductsBought/Product/extends/CdmEntity
Resolved_SalesArraySource_referenceOnly_normalized_structured.cdm.json/attributeContext/Resolved_SalesArraySource_referenceOnly_normalized_structured.cdm.json/ProductsBought/ProductsOfThree/ThreeProductsBought/Product/ProductId
Resolved_SalesArraySource_referenceOnly_normalized_structured.cdm.json/attributeContext/Resolved_SalesArraySource_referenceOnly_normalized_structured.cdm.json/ProductsBought/ProductsOfThree/ThreeProductsBought/Product/ProductName
Resolved_SalesArraySource_referenceOnly_normalized_structured.cdm.json/attributeContext/Resolved_SalesArraySource_referenceOnly_normalized_structured.cdm.json/ProductsBought/ProductsOfThree/ThreeProductsBought/_generatedAttributeSet
Resolved_SalesArraySource_referenceOnly_normalized_structured.cdm.json/attributeContext/Resolved_SalesArraySource_referenceOnly_normalized_structured.cdm.json/ProductsBought/ProductsOfThree/ThreeProductsBought/_generatedAttributeSet/ProductCount
output:/Resolved_SalesArraySource_referenceOnly_normalized_structured.cdm.json.cdm.json/Resolved_SalesArraySource_referenceOnly_normalized_structured.cdm.json/attributeContext/Resolved_SalesArraySource_referenceOnly_normalized_structured.cdm.json/ProductsBought/ProductsOfThree/ThreeProductsBought/_generatedAttributeSet/ProductCount/Resolved_SalesArraySource_referenceOnly_normalized_structured.cdm.json/hasAttributes/ProductsBought/members/ProductCount/(ref)
Resolved_SalesArraySource_referenceOnly_normalized_structured.cdm.json/attributeContext/Resolved_SalesArraySource_referenceOnly_normalized_structured.cdm.json/ProductsBought/ProductsOfThree/ThreeProductsBought/_generatedAttributeSet/_generatedAttributeRound0
Resolved_SalesArraySource_referenceOnly_normalized_structured.cdm.json/attributeContext/Resolved_SalesArraySource_referenceOnly_normalized_structured.cdm.json/ProductsBought/ProductsOfThree/ThreeProductsBought/_generatedAttributeSet/_generatedAttributeRound0/ProductId1
output:/Resolved_SalesArraySource_referenceOnly_normalized_structured.cdm.json.cdm.json/Resolved_SalesArraySource_referenceOnly_normalized_structured.cdm.json/attributeContext/Resolved_SalesArraySource_referenceOnly_normalized_structured.cdm.json/ProductsBought/ProductsOfThree/ThreeProductsBought/_generatedAttributeSet/_generatedAttributeRound0/ProductId1/Resolved_SalesArraySource_referenceOnly_normalized_structured.cdm.json/hasAttributes/ProductsBought/members/ProductId1/(ref)
Resolved_SalesArraySource_referenceOnly_normalized_structured.cdm.json/attributeContext/Resolved_SalesArraySource_referenceOnly_normalized_structured.cdm.json/ProductsBought/ProductsOfThree/ThreeProductsBought/_generatedAttributeSet/_generatedAttributeRound0/ProductName1
output:/Resolved_SalesArraySource_referenceOnly_normalized_structured.cdm.json.cdm.json/Resolved_SalesArraySource_referenceOnly_normalized_structured.cdm.json/attributeContext/Resolved_SalesArraySource_referenceOnly_normalized_structured.cdm.json/ProductsBought/ProductsOfThree/ThreeProductsBought/_generatedAttributeSet/_generatedAttributeRound0/ProductName1/Resolved_SalesArraySource_referenceOnly_normalized_structured.cdm.json/hasAttributes/ProductsBought/members/ProductName1/(ref)
Resolved_SalesArraySource_referenceOnly_normalized_structured.cdm.json/attributeContext/Resolved_SalesArraySource_referenceOnly_normalized_structured.cdm.json/ProductsBought/ProductsOfThree/ThreeProductsBought/_generatedAttributeSet/_generatedAttributeRound1
Resolved_SalesArraySource_referenceOnly_normalized_structured.cdm.json/attributeContext/Resolved_SalesArraySource_referenceOnly_normalized_structured.cdm.json/ProductsBought/ProductsOfThree/ThreeProductsBought/_generatedAttributeSet/_generatedAttributeRound1/ProductId2
output:/Resolved_SalesArraySource_referenceOnly_normalized_structured.cdm.json.cdm.json/Resolved_SalesArraySource_referenceOnly_normalized_structured.cdm.json/attributeContext/Resolved_SalesArraySource_referenceOnly_normalized_structured.cdm.json/ProductsBought/ProductsOfThree/ThreeProductsBought/_generatedAttributeSet/_generatedAttributeRound1/ProductId2/Resolved_SalesArraySource_referenceOnly_normalized_structured.cdm.json/hasAttributes/ProductsBought/members/ProductId2/(ref)
Resolved_SalesArraySource_referenceOnly_normalized_structured.cdm.json/attributeContext/Resolved_SalesArraySource_referenceOnly_normalized_structured.cdm.json/ProductsBought/ProductsOfThree/ThreeProductsBought/_generatedAttributeSet/_generatedAttributeRound1/ProductName2
output:/Resolved_SalesArraySource_referenceOnly_normalized_structured.cdm.json.cdm.json/Resolved_SalesArraySource_referenceOnly_normalized_structured.cdm.json/attributeContext/Resolved_SalesArraySource_referenceOnly_normalized_structured.cdm.json/ProductsBought/ProductsOfThree/ThreeProductsBought/_generatedAttributeSet/_generatedAttributeRound1/ProductName2/Resolved_SalesArraySource_referenceOnly_normalized_structured.cdm.json/hasAttributes/ProductsBought/members/ProductName2/(ref)
Resolved_SalesArraySource_referenceOnly_normalized_structured.cdm.json/attributeContext/Resolved_SalesArraySource_referenceOnly_normalized_structured.cdm.json/ProductsBought/ProductsOfThree/ThreeProductsBought/_generatedAttributeSet/_generatedAttributeRound2
Resolved_SalesArraySource_referenceOnly_normalized_structured.cdm.json/attributeContext/Resolved_SalesArraySource_referenceOnly_normalized_structured.cdm.json/ProductsBought/ProductsOfThree/ThreeProductsBought/_generatedAttributeSet/_generatedAttributeRound2/ProductId3
output:/Resolved_SalesArraySource_referenceOnly_normalized_structured.cdm.json.cdm.json/Resolved_SalesArraySource_referenceOnly_normalized_structured.cdm.json/attributeContext/Resolved_SalesArraySource_referenceOnly_normalized_structured.cdm.json/ProductsBought/ProductsOfThree/ThreeProductsBought/_generatedAttributeSet/_generatedAttributeRound2/ProductId3/Resolved_SalesArraySource_referenceOnly_normalized_structured.cdm.json/hasAttributes/ProductsBought/members/ProductId3/(ref)
Resolved_SalesArraySource_referenceOnly_normalized_structured.cdm.json/attributeContext/Resolved_SalesArraySource_referenceOnly_normalized_structured.cdm.json/ProductsBought/ProductsOfThree/ThreeProductsBought/_generatedAttributeSet/_generatedAttributeRound2/ProductName3
output:/Resolved_SalesArraySource_referenceOnly_normalized_structured.cdm.json.cdm.json/Resolved_SalesArraySource_referenceOnly_normalized_structured.cdm.json/attributeContext/Resolved_SalesArraySource_referenceOnly_normalized_structured.cdm.json/ProductsBought/ProductsOfThree/ThreeProductsBought/_generatedAttributeSet/_generatedAttributeRound2/ProductName3/Resolved_SalesArraySource_referenceOnly_normalized_structured.cdm.json/hasAttributes/ProductsBought/members/ProductName3/(ref)
Resolved_SalesArraySource_referenceOnly_normalized_structured.cdm.json/attributeContext/Resolved_SalesArraySource_referenceOnly_normalized_structured.cdm.json/TotalPricePaid
output:/Resolved_SalesArraySource_referenceOnly_normalized_structured.cdm.json.cdm.json/Resolved_SalesArraySource_referenceOnly_normalized_structured.cdm.json/attributeContext/Resolved_SalesArraySource_referenceOnly_normalized_structured.cdm.json/TotalPricePaid/Resolved_SalesArraySource_referenceOnly_normalized_structured.cdm.json/hasAttributes/TotalPricePaid/(ref)
output:/Resolved_SalesArraySource_referenceOnly_normalized_structured.cdm.json.cdm.json/Resolved_SalesArraySource_referenceOnly_normalized_structured.cdm.json/hasAttributes/ProductsBought/(ref)
output:/Resolved_SalesArraySource_referenceOnly_normalized_structured.cdm.json.cdm.json/Resolved_SalesArraySource_referenceOnly_normalized_structured.cdm.json/hasAttributes/TotalPricePaid
is.dataFormat.numeric.shaped
is.dataFormat.numeric.shaped
