Resolved_SalesForeignKey_referenceOnly_structured.cdm.json/attributeContext/Resolved_SalesForeignKey_referenceOnly_structured.cdm.json/extends
Resolved_SalesForeignKey_referenceOnly_structured.cdm.json/attributeContext/Resolved_SalesForeignKey_referenceOnly_structured.cdm.json/extends/CdmEntity
Resolved_SalesForeignKey_referenceOnly_structured.cdm.json/attributeContext/Resolved_SalesForeignKey_referenceOnly_structured.cdm.json/SalesForeignKeyAmount
output:/Resolved_SalesForeignKey_referenceOnly_structured.cdm.json.cdm.json/Resolved_SalesForeignKey_referenceOnly_structured.cdm.json/attributeContext/Resolved_SalesForeignKey_referenceOnly_structured.cdm.json/SalesForeignKeyAmount/Resolved_SalesForeignKey_referenceOnly_structured.cdm.json/hasAttributes/SalesForeignKeyAmount/(ref)
Resolved_SalesForeignKey_referenceOnly_structured.cdm.json/attributeContext/Resolved_SalesForeignKey_referenceOnly_structured.cdm.json/SalesForeignKeyProductId
Resolved_SalesForeignKey_referenceOnly_structured.cdm.json/attributeContext/Resolved_SalesForeignKey_referenceOnly_structured.cdm.json/SalesForeignKeyProductId/Product
Resolved_SalesForeignKey_referenceOnly_structured.cdm.json/attributeContext/Resolved_SalesForeignKey_referenceOnly_structured.cdm.json/SalesForeignKeyProductId/_generatedAttributeSet
Resolved_SalesForeignKey_referenceOnly_structured.cdm.json/attributeContext/Resolved_SalesForeignKey_referenceOnly_structured.cdm.json/SalesForeignKeyProductId/_generatedAttributeSet/_generatedAttributeRound0
Resolved_SalesForeignKey_referenceOnly_structured.cdm.json/attributeContext/Resolved_SalesForeignKey_referenceOnly_structured.cdm.json/SalesForeignKeyProductId/_generatedAttributeSet/_generatedAttributeRound0/_foreignKey
output:/Resolved_SalesForeignKey_referenceOnly_structured.cdm.json.cdm.json/Resolved_SalesForeignKey_referenceOnly_structured.cdm.json/attributeContext/Resolved_SalesForeignKey_referenceOnly_structured.cdm.json/SalesForeignKeyProductId/_generatedAttributeSet/_generatedAttributeRound0/_foreignKey/Resolved_SalesForeignKey_referenceOnly_structured.cdm.json/hasAttributes/SalesForeignKeyProductId/members/FKId/(ref)
output:/Resolved_SalesForeignKey_referenceOnly_structured.cdm.json.cdm.json/Resolved_SalesForeignKey_referenceOnly_structured.cdm.json/hasAttributes/SalesForeignKeyAmount
is.dataFormat.numeric.shaped
is.dataFormat.numeric.shaped
output:/Resolved_SalesForeignKey_referenceOnly_structured.cdm.json.cdm.json/Resolved_SalesForeignKey_referenceOnly_structured.cdm.json/hasAttributes/SalesForeignKeyProductId/(ref)
