Resolved_SalesForeignKey_structured.cdm.json/attributeContext/Resolved_SalesForeignKey_structured.cdm.json/extends
Resolved_SalesForeignKey_structured.cdm.json/attributeContext/Resolved_SalesForeignKey_structured.cdm.json/extends/CdmEntity
Resolved_SalesForeignKey_structured.cdm.json/attributeContext/Resolved_SalesForeignKey_structured.cdm.json/SalesForeignKeyAmount
output:/Resolved_SalesForeignKey_structured.cdm.json.cdm.json/Resolved_SalesForeignKey_structured.cdm.json/attributeContext/Resolved_SalesForeignKey_structured.cdm.json/SalesForeignKeyAmount/Resolved_SalesForeignKey_structured.cdm.json/hasAttributes/SalesForeignKeyAmount/(ref)
Resolved_SalesForeignKey_structured.cdm.json/attributeContext/Resolved_SalesForeignKey_structured.cdm.json/SalesForeignKeyProductId
Resolved_SalesForeignKey_structured.cdm.json/attributeContext/Resolved_SalesForeignKey_structured.cdm.json/SalesForeignKeyProductId/Product
Resolved_SalesForeignKey_structured.cdm.json/attributeContext/Resolved_SalesForeignKey_structured.cdm.json/SalesForeignKeyProductId/Product/extends
Resolved_SalesForeignKey_structured.cdm.json/attributeContext/Resolved_SalesForeignKey_structured.cdm.json/SalesForeignKeyProductId/Product/extends/CdmEntity
Resolved_SalesForeignKey_structured.cdm.json/attributeContext/Resolved_SalesForeignKey_structured.cdm.json/SalesForeignKeyProductId/Product/ProductId
output:/Resolved_SalesForeignKey_structured.cdm.json.cdm.json/Resolved_SalesForeignKey_structured.cdm.json/attributeContext/Resolved_SalesForeignKey_structured.cdm.json/SalesForeignKeyProductId/Product/ProductId/Resolved_SalesForeignKey_structured.cdm.json/hasAttributes/SalesForeignKeyProductId/members/ProductId/(ref)
Resolved_SalesForeignKey_structured.cdm.json/attributeContext/Resolved_SalesForeignKey_structured.cdm.json/SalesForeignKeyProductId/Product/ProductName
output:/Resolved_SalesForeignKey_structured.cdm.json.cdm.json/Resolved_SalesForeignKey_structured.cdm.json/attributeContext/Resolved_SalesForeignKey_structured.cdm.json/SalesForeignKeyProductId/Product/ProductName/Resolved_SalesForeignKey_structured.cdm.json/hasAttributes/SalesForeignKeyProductId/members/ProductName/(ref)
output:/Resolved_SalesForeignKey_structured.cdm.json.cdm.json/Resolved_SalesForeignKey_structured.cdm.json/hasAttributes/SalesForeignKeyAmount
is.dataFormat.numeric.shaped
is.dataFormat.numeric.shaped
output:/Resolved_SalesForeignKey_structured.cdm.json.cdm.json/Resolved_SalesForeignKey_structured.cdm.json/hasAttributes/SalesForeignKeyProductId/(ref)
