Resolved_SalesEntityAttribute_normalized.cdm.json/attributeContext/Resolved_SalesEntityAttribute_normalized.cdm.json/extends
Resolved_SalesEntityAttribute_normalized.cdm.json/attributeContext/Resolved_SalesEntityAttribute_normalized.cdm.json/extends/CdmEntity
Resolved_SalesEntityAttribute_normalized.cdm.json/attributeContext/Resolved_SalesEntityAttribute_normalized.cdm.json/ProductBought
Resolved_SalesEntityAttribute_normalized.cdm.json/attributeContext/Resolved_SalesEntityAttribute_normalized.cdm.json/ProductBought/projection
Resolved_SalesEntityAttribute_normalized.cdm.json/attributeContext/Resolved_SalesEntityAttribute_normalized.cdm.json/ProductBought/projection/source
Resolved_SalesEntityAttribute_normalized.cdm.json/attributeContext/Resolved_SalesEntityAttribute_normalized.cdm.json/ProductBought/projection/source/Product
Resolved_SalesEntityAttribute_normalized.cdm.json/attributeContext/Resolved_SalesEntityAttribute_normalized.cdm.json/ProductBought/projection/source/Product/extends
Resolved_SalesEntityAttribute_normalized.cdm.json/attributeContext/Resolved_SalesEntityAttribute_normalized.cdm.json/ProductBought/projection/source/Product/extends/CdmEntity
Resolved_SalesEntityAttribute_normalized.cdm.json/attributeContext/Resolved_SalesEntityAttribute_normalized.cdm.json/ProductBought/projection/source/Product/ProductId
output:/Resolved_SalesEntityAttribute_normalized.cdm.json.cdm.json/Resolved_SalesEntityAttribute_normalized.cdm.json/attributeContext/Resolved_SalesEntityAttribute_normalized.cdm.json/ProductBought/projection/source/Product/ProductId/Resolved_SalesEntityAttribute_normalized.cdm.json/hasAttributes/ProductId/(ref)
Resolved_SalesEntityAttribute_normalized.cdm.json/attributeContext/Resolved_SalesEntityAttribute_normalized.cdm.json/ProductBought/projection/source/Product/ProductName
output:/Resolved_SalesEntityAttribute_normalized.cdm.json.cdm.json/Resolved_SalesEntityAttribute_normalized.cdm.json/attributeContext/Resolved_SalesEntityAttribute_normalized.cdm.json/ProductBought/projection/source/Product/ProductName/Resolved_SalesEntityAttribute_normalized.cdm.json/hasAttributes/ProductName/(ref)
Resolved_SalesEntityAttribute_normalized.cdm.json/attributeContext/Resolved_SalesEntityAttribute_normalized.cdm.json/Amount
output:/Resolved_SalesEntityAttribute_normalized.cdm.json.cdm.json/Resolved_SalesEntityAttribute_normalized.cdm.json/attributeContext/Resolved_SalesEntityAttribute_normalized.cdm.json/Amount/Resolved_SalesEntityAttribute_normalized.cdm.json/hasAttributes/Amount/(ref)
output:/Resolved_SalesEntityAttribute_normalized.cdm.json.cdm.json/Resolved_SalesEntityAttribute_normalized.cdm.json/hasAttributes/ProductId
is.dataFormat.integer
is.identifiedBy
  [Parameter (Name / DefaultValue): attribute / this.attribute]
  [Argument Value: Resolved_SalesEntityAttribute_normalized.cdm.json/(resolvedAttributes)/ProductId]
is.dataFormat.integer
output:/Resolved_SalesEntityAttribute_normalized.cdm.json.cdm.json/Resolved_SalesEntityAttribute_normalized.cdm.json/hasAttributes/ProductName
is.dataFormat.character
is.dataFormat.big
is.dataFormat.array
is.dataFormat.character
is.dataFormat.array
output:/Resolved_SalesEntityAttribute_normalized.cdm.json.cdm.json/Resolved_SalesEntityAttribute_normalized.cdm.json/hasAttributes/Amount
is.dataFormat.numeric.shaped
is.dataFormat.numeric.shaped
