Resolved_SalesGroupFK_normalized.cdm.json/attributeContext/Resolved_SalesGroupFK_normalized.cdm.json/extends
Resolved_SalesGroupFK_normalized.cdm.json/attributeContext/Resolved_SalesGroupFK_normalized.cdm.json/extends/CdmEntity
Resolved_SalesGroupFK_normalized.cdm.json/attributeContext/Resolved_SalesGroupFK_normalized.cdm.json/SalesForeignKeyAmount
output:/Resolved_SalesGroupFK_normalized.cdm.json.cdm.json/Resolved_SalesGroupFK_normalized.cdm.json/attributeContext/Resolved_SalesGroupFK_normalized.cdm.json/SalesForeignKeyAmount/Resolved_SalesGroupFK_normalized.cdm.json/hasAttributes/SalesForeignKeyAmount/(ref)
Resolved_SalesGroupFK_normalized.cdm.json/attributeContext/Resolved_SalesGroupFK_normalized.cdm.json/SalesForeignKeyProductId
Resolved_SalesGroupFK_normalized.cdm.json/attributeContext/Resolved_SalesGroupFK_normalized.cdm.json/SalesForeignKeyProductId/ProductGroup
Resolved_SalesGroupFK_normalized.cdm.json/attributeContext/Resolved_SalesGroupFK_normalized.cdm.json/SalesForeignKeyProductId/ProductGroup/extends
Resolved_SalesGroupFK_normalized.cdm.json/attributeContext/Resolved_SalesGroupFK_normalized.cdm.json/SalesForeignKeyProductId/ProductGroup/extends/CdmEntity
Resolved_SalesGroupFK_normalized.cdm.json/attributeContext/Resolved_SalesGroupFK_normalized.cdm.json/SalesForeignKeyProductId/ProductGroup/testGroup
Resolved_SalesGroupFK_normalized.cdm.json/attributeContext/Resolved_SalesGroupFK_normalized.cdm.json/SalesForeignKeyProductId/ProductGroup/testGroup/testGroup
Resolved_SalesGroupFK_normalized.cdm.json/attributeContext/Resolved_SalesGroupFK_normalized.cdm.json/SalesForeignKeyProductId/ProductGroup/testGroup/testGroup/ProductId
Resolved_SalesGroupFK_normalized.cdm.json/attributeContext/Resolved_SalesGroupFK_normalized.cdm.json/SalesForeignKeyProductId/ProductGroup/testGroup/testGroup/ProductName
Resolved_SalesGroupFK_normalized.cdm.json/attributeContext/Resolved_SalesGroupFK_normalized.cdm.json/SalesForeignKeyProductId/_generatedAttributeSet
Resolved_SalesGroupFK_normalized.cdm.json/attributeContext/Resolved_SalesGroupFK_normalized.cdm.json/SalesForeignKeyProductId/_generatedAttributeSet/_generatedAttributeRound0
Resolved_SalesGroupFK_normalized.cdm.json/attributeContext/Resolved_SalesGroupFK_normalized.cdm.json/SalesForeignKeyProductId/_generatedAttributeSet/_generatedAttributeRound0/ProductId
output:/Resolved_SalesGroupFK_normalized.cdm.json.cdm.json/Resolved_SalesGroupFK_normalized.cdm.json/attributeContext/Resolved_SalesGroupFK_normalized.cdm.json/SalesForeignKeyProductId/_generatedAttributeSet/_generatedAttributeRound0/ProductId/Resolved_SalesGroupFK_normalized.cdm.json/hasAttributes/SalesForeignKeyProductIdProductId/(ref)
Resolved_SalesGroupFK_normalized.cdm.json/attributeContext/Resolved_SalesGroupFK_normalized.cdm.json/SalesForeignKeyProductId/_generatedAttributeSet/_generatedAttributeRound0/ProductName
output:/Resolved_SalesGroupFK_normalized.cdm.json.cdm.json/Resolved_SalesGroupFK_normalized.cdm.json/attributeContext/Resolved_SalesGroupFK_normalized.cdm.json/SalesForeignKeyProductId/_generatedAttributeSet/_generatedAttributeRound0/ProductName/Resolved_SalesGroupFK_normalized.cdm.json/hasAttributes/SalesForeignKeyProductIdProductName/(ref)
output:/Resolved_SalesGroupFK_normalized.cdm.json.cdm.json/Resolved_SalesGroupFK_normalized.cdm.json/hasAttributes/SalesForeignKeyAmount
is.dataFormat.numeric.shaped
is.dataFormat.numeric.shaped
output:/Resolved_SalesGroupFK_normalized.cdm.json.cdm.json/Resolved_SalesGroupFK_normalized.cdm.json/hasAttributes/SalesForeignKeyProductIdProductId
is.dataFormat.integer
is.identifiedBy
  [Parameter (Name / DefaultValue): attribute / this.attribute]
  [Argument Value: Resolved_SalesGroupFK_normalized.cdm.json/(resolvedAttributes)/ProductId]
is.dataFormat.integer
output:/Resolved_SalesGroupFK_normalized.cdm.json.cdm.json/Resolved_SalesGroupFK_normalized.cdm.json/hasAttributes/SalesForeignKeyProductIdProductName
is.dataFormat.character
is.dataFormat.big
is.dataFormat.array
is.dataFormat.character
is.dataFormat.array
