Resolved_SalesGroupFK_referenceOnly_normalized_structured.cdm.json/attributeContext/Resolved_SalesGroupFK_referenceOnly_normalized_structured.cdm.json/extends
Resolved_SalesGroupFK_referenceOnly_normalized_structured.cdm.json/attributeContext/Resolved_SalesGroupFK_referenceOnly_normalized_structured.cdm.json/extends/CdmEntity
Resolved_SalesGroupFK_referenceOnly_normalized_structured.cdm.json/attributeContext/Resolved_SalesGroupFK_referenceOnly_normalized_structured.cdm.json/SalesForeignKeyAmount
output:/Resolved_SalesGroupFK_referenceOnly_normalized_structured.cdm.json.cdm.json/Resolved_SalesGroupFK_referenceOnly_normalized_structured.cdm.json/attributeContext/Resolved_SalesGroupFK_referenceOnly_normalized_structured.cdm.json/SalesForeignKeyAmount/Resolved_SalesGroupFK_referenceOnly_normalized_structured.cdm.json/hasAttributes/SalesForeignKeyAmount/(ref)
Resolved_SalesGroupFK_referenceOnly_normalized_structured.cdm.json/attributeContext/Resolved_SalesGroupFK_referenceOnly_normalized_structured.cdm.json/SalesForeignKeyProductId
Resolved_SalesGroupFK_referenceOnly_normalized_structured.cdm.json/attributeContext/Resolved_SalesGroupFK_referenceOnly_normalized_structured.cdm.json/SalesForeignKeyProductId/ProductGroup
Resolved_SalesGroupFK_referenceOnly_normalized_structured.cdm.json/attributeContext/Resolved_SalesGroupFK_referenceOnly_normalized_structured.cdm.json/SalesForeignKeyProductId/_generatedAttributeSet
Resolved_SalesGroupFK_referenceOnly_normalized_structured.cdm.json/attributeContext/Resolved_SalesGroupFK_referenceOnly_normalized_structured.cdm.json/SalesForeignKeyProductId/_generatedAttributeSet/_generatedAttributeRound0
Resolved_SalesGroupFK_referenceOnly_normalized_structured.cdm.json/attributeContext/Resolved_SalesGroupFK_referenceOnly_normalized_structured.cdm.json/SalesForeignKeyProductId/_generatedAttributeSet/_generatedAttributeRound0/_foreignKey
output:/Resolved_SalesGroupFK_referenceOnly_normalized_structured.cdm.json.cdm.json/Resolved_SalesGroupFK_referenceOnly_normalized_structured.cdm.json/attributeContext/Resolved_SalesGroupFK_referenceOnly_normalized_structured.cdm.json/SalesForeignKeyProductId/_generatedAttributeSet/_generatedAttributeRound0/_foreignKey/Resolved_SalesGroupFK_referenceOnly_normalized_structured.cdm.json/hasAttributes/SalesForeignKeyProductId/members/FKId/(ref)
output:/Resolved_SalesGroupFK_referenceOnly_normalized_structured.cdm.json.cdm.json/Resolved_SalesGroupFK_referenceOnly_normalized_structured.cdm.json/hasAttributes/SalesForeignKeyAmount
is.dataFormat.numeric.shaped
is.dataFormat.numeric.shaped
output:/Resolved_SalesGroupFK_referenceOnly_normalized_structured.cdm.json.cdm.json/Resolved_SalesGroupFK_referenceOnly_normalized_structured.cdm.json/hasAttributes/SalesForeignKeyProductId/(ref)
