Incoming Relationships For: Sales:
  Name: SaleEAKey_Product
  FromEntity: Sales.cdm.json/Sales
  FromEntityAttribute: FKId1
  ToEntity: Product.cdm.json/Product
  ToEntityAttribute: ProductId1


  Name: SaleEAKey_Product
  FromEntity: Sales.cdm.json/Sales
  FromEntityAttribute: FKId2
  ToEntity: Product.cdm.json/Product
  ToEntityAttribute: ProductId2


