{
  "jsonSchemaSemanticVersion": "1.0.0",
  "imports": [
    {
      "corpusPath": "local:/NewPerson.cdm.json",
      "moniker": "resolvedFrom"
    }
  ],
  "definitions": [
    {
      "entityName": "Resolved_NewPerson_referenceOnly",
      "attributeContext": {
        "type": "entity",
        "name": "Resolved_NewPerson_referenceOnly",
        "definition": "resolvedFrom/NewPerson",
        "contents": [
          {
            "type": "entityReferenceExtends",
            "name": "extends",
            "parent": "Resolved_NewPerson_referenceOnly/attributeContext/Resolved_NewPerson_referenceOnly",
            "contents": [
              {
                "type": "entity",
                "name": "CdmEntity",
                "parent": "Resolved_NewPerson_referenceOnly/attributeContext/Resolved_NewPerson_referenceOnly/extends",
                "definition": "resolvedFrom/CdmEntity"
              }
            ]
          },
          {
            "type": "attributeDefinition",
            "name": "PersonInfo",
            "parent": "Resolved_NewPerson_referenceOnly/attributeContext/Resolved_NewPerson_referenceOnly",
            "definition": "resolvedFrom/NewPerson/hasAttributes/PersonInfo",
            "contents": [
              {
                "type": "entity",
                "name": "Person",
                "parent": "Resolved_NewPerson_referenceOnly/attributeContext/Resolved_NewPerson_referenceOnly/PersonInfo",
                "definition": "resolvedFrom/Person",
                "contents": [
                  {
                    "type": "entityReferenceExtends",
                    "name": "extends",
                    "parent": "Resolved_NewPerson_referenceOnly/attributeContext/Resolved_NewPerson_referenceOnly/PersonInfo/Person",
                    "contents": [
                      {
                        "type": "entity",
                        "name": "CdmEntity",
                        "parent": "Resolved_NewPerson_referenceOnly/attributeContext/Resolved_NewPerson_referenceOnly/PersonInfo/Person/extends",
                        "definition": "resolvedFrom/CdmEntity"
                      }
                    ]
                  },
                  {
                    "type": "attributeDefinition",
                    "name": "name",
                    "parent": "Resolved_NewPerson_referenceOnly/attributeContext/Resolved_NewPerson_referenceOnly/PersonInfo/Person",
                    "definition": "resolvedFrom/Person/hasAttributes/name"
                  },
                  {
                    "type": "attributeDefinition",
                    "name": "age",
                    "parent": "Resolved_NewPerson_referenceOnly/attributeContext/Resolved_NewPerson_referenceOnly/PersonInfo/Person",
                    "definition": "resolvedFrom/Person/hasAttributes/age"
                  },
                  {
                    "type": "attributeDefinition",
                    "name": "address",
                    "parent": "Resolved_NewPerson_referenceOnly/attributeContext/Resolved_NewPerson_referenceOnly/PersonInfo/Person",
                    "definition": "resolvedFrom/Person/hasAttributes/address"
                  },
                  {
                    "type": "attributeDefinition",
                    "name": "phoneNumber",
                    "parent": "Resolved_NewPerson_referenceOnly/attributeContext/Resolved_NewPerson_referenceOnly/PersonInfo/Person",
                    "definition": "resolvedFrom/Person/hasAttributes/phoneNumber"
                  },
                  {
                    "type": "attributeDefinition",
                    "name": "email",
                    "parent": "Resolved_NewPerson_referenceOnly/attributeContext/Resolved_NewPerson_referenceOnly/PersonInfo/Person",
                    "definition": "resolvedFrom/Person/hasAttributes/email"
                  }
                ]
              },
              {
                "type": "generatedSet",
                "name": "_generatedAttributeSet",
                "parent": "Resolved_NewPerson_referenceOnly/attributeContext/Resolved_NewPerson_referenceOnly/PersonInfo",
                "contents": [
                  {
                    "type": "generatedRound",
                    "name": "_generatedAttributeRound0",
                    "parent": "Resolved_NewPerson_referenceOnly/attributeContext/Resolved_NewPerson_referenceOnly/PersonInfo/_generatedAttributeSet",
                    "contents": [
                      {
                        "type": "attributeDefinition",
                        "name": "name",
                        "parent": "Resolved_NewPerson_referenceOnly/attributeContext/Resolved_NewPerson_referenceOnly/PersonInfo/_generatedAttributeSet/_generatedAttributeRound0",
                        "definition": "resolvedFrom/Person/hasAttributes/name",
                        "contents": [
                          "Resolved_NewPerson_referenceOnly/hasAttributes/name"
                        ]
                      },
                      {
                        "type": "attributeDefinition",
                        "name": "age",
                        "parent": "Resolved_NewPerson_referenceOnly/attributeContext/Resolved_NewPerson_referenceOnly/PersonInfo/_generatedAttributeSet/_generatedAttributeRound0",
                        "definition": "resolvedFrom/Person/hasAttributes/age",
                        "contents": [
                          "Resolved_NewPerson_referenceOnly/hasAttributes/age"
                        ]
                      }
                    ]
                  }
                ]
              }
            ]
          }
        ]
      },
      "hasAttributes": [
        {
          "name": "name",
          "appliedTraits": [
            "is.dataFormat.character",
            "is.dataFormat.big",
            "is.dataFormat.array"
          ],
          "attributeContext": "Resolved_NewPerson_referenceOnly/attributeContext/Resolved_NewPerson_referenceOnly/PersonInfo/_generatedAttributeSet/_generatedAttributeRound0/name",
          "dataFormat": "String"
        },
        {
          "name": "age",
          "appliedTraits": [
            "is.dataFormat.integer"
          ],
          "attributeContext": "Resolved_NewPerson_referenceOnly/attributeContext/Resolved_NewPerson_referenceOnly/PersonInfo/_generatedAttributeSet/_generatedAttributeRound0/age",
          "dataFormat": "Int32"
        }
      ],
      "version": "1.1"
    }
  ]
}