Resolved_NewPerson_referenceOnly_normalized_structured/attributeContext/Resolved_NewPerson_referenceOnly_normalized_structured/extends
Resolved_NewPerson_referenceOnly_normalized_structured/attributeContext/Resolved_NewPerson_referenceOnly_normalized_structured/extends/CdmEntity
Resolved_NewPerson_referenceOnly_normalized_structured/attributeContext/Resolved_NewPerson_referenceOnly_normalized_structured/PersonInfo
Resolved_NewPerson_referenceOnly_normalized_structured/attributeContext/Resolved_NewPerson_referenceOnly_normalized_structured/PersonInfo/Person
Resolved_NewPerson_referenceOnly_normalized_structured/attributeContext/Resolved_NewPerson_referenceOnly_normalized_structured/PersonInfo/Person/extends
Resolved_NewPerson_referenceOnly_normalized_structured/attributeContext/Resolved_NewPerson_referenceOnly_normalized_structured/PersonInfo/Person/extends/CdmEntity
Resolved_NewPerson_referenceOnly_normalized_structured/attributeContext/Resolved_NewPerson_referenceOnly_normalized_structured/PersonInfo/Person/address
Resolved_NewPerson_referenceOnly_normalized_structured/attributeContext/Resolved_NewPerson_referenceOnly_normalized_structured/PersonInfo/Person/phoneNumber
Resolved_NewPerson_referenceOnly_normalized_structured/attributeContext/Resolved_NewPerson_referenceOnly_normalized_structured/PersonInfo/Person/email
Resolved_NewPerson_referenceOnly_normalized_structured/attributeContext/Resolved_NewPerson_referenceOnly_normalized_structured/PersonInfo/Person/name
output:/Resolved_NewPerson_referenceOnly_normalized_structured.cdm.json/Resolved_NewPerson_referenceOnly_normalized_structured/attributeContext/Resolved_NewPerson_referenceOnly_normalized_structured/PersonInfo/Person/name/Resolved_NewPerson_referenceOnly_normalized_structured/hasAttributes/PersonInfo/members/name/(ref)
Resolved_NewPerson_referenceOnly_normalized_structured/attributeContext/Resolved_NewPerson_referenceOnly_normalized_structured/PersonInfo/Person/age
output:/Resolved_NewPerson_referenceOnly_normalized_structured.cdm.json/Resolved_NewPerson_referenceOnly_normalized_structured/attributeContext/Resolved_NewPerson_referenceOnly_normalized_structured/PersonInfo/Person/age/Resolved_NewPerson_referenceOnly_normalized_structured/hasAttributes/PersonInfo/members/age/(ref)
output:/Resolved_NewPerson_referenceOnly_normalized_structured.cdm.json/Resolved_NewPerson_referenceOnly_normalized_structured/hasAttributes/PersonInfo/(ref)
