{
  "jsonSchemaSemanticVersion": "1.0.0",
  "imports": [
    {
      "corpusPath": "local:/Child.cdm.json",
      "moniker": "resolvedFrom"
    }
  ],
  "definitions": [
    {
      "entityName": "Resolved_Child_default",
      "attributeContext": {
        "type": "entity",
        "name": "Resolved_Child_default",
        "definition": "resolvedFrom/Child",
        "contents": [
          {
            "type": "entityReferenceExtends",
            "name": "extends",
            "parent": "Resolved_Child_default/attributeContext/Resolved_Child_default",
            "contents": [
              {
                "type": "projection",
                "name": "projection",
                "parent": "Resolved_Child_default/attributeContext/Resolved_Child_default/extends",
                "definition": "resolvedFrom/Child/extendsEntity/projection",
                "contents": [
                  {
                    "type": "source",
                    "name": "source",
                    "parent": "Resolved_Child_default/attributeContext/Resolved_Child_default/extends/projection",
                    "contents": [
                      {
                        "type": "entity",
                        "name": "Person",
                        "parent": "Resolved_Child_default/attributeContext/Resolved_Child_default/extends/projection/source",
                        "definition": "resolvedFrom/Person",
                        "contents": [
                          {
                            "type": "entityReferenceExtends",
                            "name": "extends",
                            "parent": "Resolved_Child_default/attributeContext/Resolved_Child_default/extends/projection/source/Person",
                            "contents": [
                              {
                                "type": "entity",
                                "name": "CdmEntity",
                                "parent": "Resolved_Child_default/attributeContext/Resolved_Child_default/extends/projection/source/Person/extends",
                                "definition": "resolvedFrom/CdmEntity"
                              }
                            ]
                          },
                          {
                            "type": "attributeDefinition",
                            "name": "phoneNumber",
                            "parent": "Resolved_Child_default/attributeContext/Resolved_Child_default/extends/projection/source/Person",
                            "definition": "resolvedFrom/Person/hasAttributes/phoneNumber"
                          },
                          {
                            "type": "attributeDefinition",
                            "name": "email",
                            "parent": "Resolved_Child_default/attributeContext/Resolved_Child_default/extends/projection/source/Person",
                            "definition": "resolvedFrom/Person/hasAttributes/email"
                          },
                          {
                            "type": "attributeDefinition",
                            "name": "name",
                            "parent": "Resolved_Child_default/attributeContext/Resolved_Child_default/extends/projection/source/Person",
                            "definition": "resolvedFrom/Person/hasAttributes/name",
                            "contents": [
                              "Resolved_Child_default/hasAttributes/name"
                            ]
                          },
                          {
                            "type": "attributeDefinition",
                            "name": "age",
                            "parent": "Resolved_Child_default/attributeContext/Resolved_Child_default/extends/projection/source/Person",
                            "definition": "resolvedFrom/Person/hasAttributes/age",
                            "contents": [
                              "Resolved_Child_default/hasAttributes/age"
                            ]
                          },
                          {
                            "type": "attributeDefinition",
                            "name": "address",
                            "parent": "Resolved_Child_default/attributeContext/Resolved_Child_default/extends/projection/source/Person",
                            "definition": "resolvedFrom/Person/hasAttributes/address",
                            "contents": [
                              "Resolved_Child_default/hasAttributes/address"
                            ]
                          }
                        ]
                      }
                    ]
                  }
                ]
              }
            ]
          }
        ]
      },
      "hasAttributes": [
        {
          "name": "name",
          "appliedTraits": [
            "is.dataFormat.character",
            "is.dataFormat.big",
            "is.dataFormat.array"
          ],
          "attributeContext": "Resolved_Child_default/attributeContext/Resolved_Child_default/extends/projection/source/Person/name",
          "dataFormat": "String"
        },
        {
          "name": "age",
          "appliedTraits": [
            "is.dataFormat.integer"
          ],
          "attributeContext": "Resolved_Child_default/attributeContext/Resolved_Child_default/extends/projection/source/Person/age",
          "dataFormat": "Int32"
        },
        {
          "name": "address",
          "appliedTraits": [
            "is.dataFormat.character",
            "is.dataFormat.big",
            "is.dataFormat.array"
          ],
          "attributeContext": "Resolved_Child_default/attributeContext/Resolved_Child_default/extends/projection/source/Person/address",
          "dataFormat": "String"
        }
      ],
      "version": "1.1"
    }
  ]
}