{
  "jsonSchemaSemanticVersion": "1.0.0",
  "imports": [
    {
      "corpusPath": "local:/FriendGroup.cdm.json",
      "moniker": "resolvedFrom"
    }
  ],
  "definitions": [
    {
      "entityName": "Resolved_FriendGroup_referenceOnly",
      "attributeContext": {
        "type": "entity",
        "name": "Resolved_FriendGroup_referenceOnly",
        "definition": "resolvedFrom/FriendGroup",
        "contents": [
          {
            "type": "entityReferenceExtends",
            "name": "extends",
            "parent": "Resolved_FriendGroup_referenceOnly/attributeContext/Resolved_FriendGroup_referenceOnly",
            "contents": [
              {
                "type": "entity",
                "name": "CdmEntity",
                "parent": "Resolved_FriendGroup_referenceOnly/attributeContext/Resolved_FriendGroup_referenceOnly/extends",
                "definition": "resolvedFrom/CdmEntity"
              }
            ]
          },
          {
            "type": "attributeDefinition",
            "name": "GroupOfPeople",
            "parent": "Resolved_FriendGroup_referenceOnly/attributeContext/Resolved_FriendGroup_referenceOnly",
            "definition": "resolvedFrom/FriendGroup/hasAttributes/GroupOfPeople",
            "contents": [
              {
                "type": "entity",
                "name": "ThreeMusketeers",
                "parent": "Resolved_FriendGroup_referenceOnly/attributeContext/Resolved_FriendGroup_referenceOnly/GroupOfPeople",
                "definition": "resolvedFrom/ThreeMusketeers",
                "contents": [
                  {
                    "type": "entityReferenceExtends",
                    "name": "extends",
                    "parent": "Resolved_FriendGroup_referenceOnly/attributeContext/Resolved_FriendGroup_referenceOnly/GroupOfPeople/ThreeMusketeers",
                    "contents": [
                      {
                        "type": "entity",
                        "name": "CdmEntity",
                        "parent": "Resolved_FriendGroup_referenceOnly/attributeContext/Resolved_FriendGroup_referenceOnly/GroupOfPeople/ThreeMusketeers/extends",
                        "definition": "resolvedFrom/CdmEntity"
                      }
                    ]
                  },
                  {
                    "type": "attributeDefinition",
                    "name": "ThreePeople",
                    "parent": "Resolved_FriendGroup_referenceOnly/attributeContext/Resolved_FriendGroup_referenceOnly/GroupOfPeople/ThreeMusketeers",
                    "definition": "resolvedFrom/ThreeMusketeers/hasAttributes/ThreePeople",
                    "contents": [
                      {
                        "type": "entity",
                        "name": "Person",
                        "parent": "Resolved_FriendGroup_referenceOnly/attributeContext/Resolved_FriendGroup_referenceOnly/GroupOfPeople/ThreeMusketeers/ThreePeople",
                        "definition": "resolvedFrom/Person",
                        "contents": [
                          {
                            "type": "entityReferenceExtends",
                            "name": "extends",
                            "parent": "Resolved_FriendGroup_referenceOnly/attributeContext/Resolved_FriendGroup_referenceOnly/GroupOfPeople/ThreeMusketeers/ThreePeople/Person",
                            "contents": [
                              {
                                "type": "entity",
                                "name": "CdmEntity",
                                "parent": "Resolved_FriendGroup_referenceOnly/attributeContext/Resolved_FriendGroup_referenceOnly/GroupOfPeople/ThreeMusketeers/ThreePeople/Person/extends",
                                "definition": "resolvedFrom/CdmEntity"
                              }
                            ]
                          },
                          {
                            "type": "attributeDefinition",
                            "name": "name",
                            "parent": "Resolved_FriendGroup_referenceOnly/attributeContext/Resolved_FriendGroup_referenceOnly/GroupOfPeople/ThreeMusketeers/ThreePeople/Person",
                            "definition": "resolvedFrom/Person/hasAttributes/name"
                          },
                          {
                            "type": "attributeDefinition",
                            "name": "age",
                            "parent": "Resolved_FriendGroup_referenceOnly/attributeContext/Resolved_FriendGroup_referenceOnly/GroupOfPeople/ThreeMusketeers/ThreePeople/Person",
                            "definition": "resolvedFrom/Person/hasAttributes/age"
                          },
                          {
                            "type": "attributeDefinition",
                            "name": "address",
                            "parent": "Resolved_FriendGroup_referenceOnly/attributeContext/Resolved_FriendGroup_referenceOnly/GroupOfPeople/ThreeMusketeers/ThreePeople/Person",
                            "definition": "resolvedFrom/Person/hasAttributes/address"
                          },
                          {
                            "type": "attributeDefinition",
                            "name": "phoneNumber",
                            "parent": "Resolved_FriendGroup_referenceOnly/attributeContext/Resolved_FriendGroup_referenceOnly/GroupOfPeople/ThreeMusketeers/ThreePeople/Person",
                            "definition": "resolvedFrom/Person/hasAttributes/phoneNumber"
                          },
                          {
                            "type": "attributeDefinition",
                            "name": "email",
                            "parent": "Resolved_FriendGroup_referenceOnly/attributeContext/Resolved_FriendGroup_referenceOnly/GroupOfPeople/ThreeMusketeers/ThreePeople/Person",
                            "definition": "resolvedFrom/Person/hasAttributes/email"
                          }
                        ]
                      }
                    ]
                  }
                ]
              },
              {
                "type": "generatedSet",
                "name": "_generatedAttributeSet",
                "parent": "Resolved_FriendGroup_referenceOnly/attributeContext/Resolved_FriendGroup_referenceOnly/GroupOfPeople",
                "contents": [
                  {
                    "type": "generatedRound",
                    "name": "_generatedAttributeRound0",
                    "parent": "Resolved_FriendGroup_referenceOnly/attributeContext/Resolved_FriendGroup_referenceOnly/GroupOfPeople/_generatedAttributeSet",
                    "contents": [
                      {
                        "type": "attributeDefinition",
                        "name": "personCount",
                        "parent": "Resolved_FriendGroup_referenceOnly/attributeContext/Resolved_FriendGroup_referenceOnly/GroupOfPeople/_generatedAttributeSet/_generatedAttributeRound0",
                        "definition": "resolvedFrom/ThreeMusketeers/hasAttributes/ThreePeople/resolutionGuidance/countAttribute/personCount",
                        "contents": [
                          "Resolved_FriendGroup_referenceOnly/hasAttributes/GroupOfPeoplePersonCount"
                        ]
                      },
                      {
                        "type": "attributeDefinition",
                        "name": "name1",
                        "parent": "Resolved_FriendGroup_referenceOnly/attributeContext/Resolved_FriendGroup_referenceOnly/GroupOfPeople/_generatedAttributeSet/_generatedAttributeRound0",
                        "definition": "resolvedFrom/Person/hasAttributes/name",
                        "contents": [
                          "Resolved_FriendGroup_referenceOnly/hasAttributes/GroupOfPeopleName1"
                        ]
                      },
                      {
                        "type": "attributeDefinition",
                        "name": "address1",
                        "parent": "Resolved_FriendGroup_referenceOnly/attributeContext/Resolved_FriendGroup_referenceOnly/GroupOfPeople/_generatedAttributeSet/_generatedAttributeRound0",
                        "definition": "resolvedFrom/Person/hasAttributes/address",
                        "contents": [
                          "Resolved_FriendGroup_referenceOnly/hasAttributes/GroupOfPeopleAddress1"
                        ]
                      },
                      {
                        "type": "attributeDefinition",
                        "name": "phoneNumber1",
                        "parent": "Resolved_FriendGroup_referenceOnly/attributeContext/Resolved_FriendGroup_referenceOnly/GroupOfPeople/_generatedAttributeSet/_generatedAttributeRound0",
                        "definition": "resolvedFrom/Person/hasAttributes/phoneNumber",
                        "contents": [
                          "Resolved_FriendGroup_referenceOnly/hasAttributes/GroupOfPeoplePhoneNumber1"
                        ]
                      },
                      {
                        "type": "attributeDefinition",
                        "name": "email1",
                        "parent": "Resolved_FriendGroup_referenceOnly/attributeContext/Resolved_FriendGroup_referenceOnly/GroupOfPeople/_generatedAttributeSet/_generatedAttributeRound0",
                        "definition": "resolvedFrom/Person/hasAttributes/email",
                        "contents": [
                          "Resolved_FriendGroup_referenceOnly/hasAttributes/GroupOfPeopleEmail1"
                        ]
                      },
                      {
                        "type": "attributeDefinition",
                        "name": "name2",
                        "parent": "Resolved_FriendGroup_referenceOnly/attributeContext/Resolved_FriendGroup_referenceOnly/GroupOfPeople/_generatedAttributeSet/_generatedAttributeRound0",
                        "definition": "resolvedFrom/Person/hasAttributes/name",
                        "contents": [
                          "Resolved_FriendGroup_referenceOnly/hasAttributes/GroupOfPeopleName2"
                        ]
                      },
                      {
                        "type": "attributeDefinition",
                        "name": "address2",
                        "parent": "Resolved_FriendGroup_referenceOnly/attributeContext/Resolved_FriendGroup_referenceOnly/GroupOfPeople/_generatedAttributeSet/_generatedAttributeRound0",
                        "definition": "resolvedFrom/Person/hasAttributes/address",
                        "contents": [
                          "Resolved_FriendGroup_referenceOnly/hasAttributes/GroupOfPeopleAddress2"
                        ]
                      },
                      {
                        "type": "attributeDefinition",
                        "name": "phoneNumber2",
                        "parent": "Resolved_FriendGroup_referenceOnly/attributeContext/Resolved_FriendGroup_referenceOnly/GroupOfPeople/_generatedAttributeSet/_generatedAttributeRound0",
                        "definition": "resolvedFrom/Person/hasAttributes/phoneNumber",
                        "contents": [
                          "Resolved_FriendGroup_referenceOnly/hasAttributes/GroupOfPeoplePhoneNumber2"
                        ]
                      },
                      {
                        "type": "attributeDefinition",
                        "name": "email2",
                        "parent": "Resolved_FriendGroup_referenceOnly/attributeContext/Resolved_FriendGroup_referenceOnly/GroupOfPeople/_generatedAttributeSet/_generatedAttributeRound0",
                        "definition": "resolvedFrom/Person/hasAttributes/email",
                        "contents": [
                          "Resolved_FriendGroup_referenceOnly/hasAttributes/GroupOfPeopleEmail2"
                        ]
                      },
                      {
                        "type": "attributeDefinition",
                        "name": "name3",
                        "parent": "Resolved_FriendGroup_referenceOnly/attributeContext/Resolved_FriendGroup_referenceOnly/GroupOfPeople/_generatedAttributeSet/_generatedAttributeRound0",
                        "definition": "resolvedFrom/Person/hasAttributes/name",
                        "contents": [
                          "Resolved_FriendGroup_referenceOnly/hasAttributes/GroupOfPeopleName3"
                        ]
                      },
                      {
                        "type": "attributeDefinition",
                        "name": "address3",
                        "parent": "Resolved_FriendGroup_referenceOnly/attributeContext/Resolved_FriendGroup_referenceOnly/GroupOfPeople/_generatedAttributeSet/_generatedAttributeRound0",
                        "definition": "resolvedFrom/Person/hasAttributes/address",
                        "contents": [
                          "Resolved_FriendGroup_referenceOnly/hasAttributes/GroupOfPeopleAddress3"
                        ]
                      },
                      {
                        "type": "attributeDefinition",
                        "name": "phoneNumber3",
                        "parent": "Resolved_FriendGroup_referenceOnly/attributeContext/Resolved_FriendGroup_referenceOnly/GroupOfPeople/_generatedAttributeSet/_generatedAttributeRound0",
                        "definition": "resolvedFrom/Person/hasAttributes/phoneNumber",
                        "contents": [
                          "Resolved_FriendGroup_referenceOnly/hasAttributes/GroupOfPeoplePhoneNumber3"
                        ]
                      },
                      {
                        "type": "attributeDefinition",
                        "name": "email3",
                        "parent": "Resolved_FriendGroup_referenceOnly/attributeContext/Resolved_FriendGroup_referenceOnly/GroupOfPeople/_generatedAttributeSet/_generatedAttributeRound0",
                        "definition": "resolvedFrom/Person/hasAttributes/email",
                        "contents": [
                          "Resolved_FriendGroup_referenceOnly/hasAttributes/GroupOfPeopleEmail3"
                        ]
                      }
                    ]
                  }
                ]
              }
            ]
          }
        ]
      },
      "hasAttributes": [
        {
          "name": "GroupOfPeoplePersonCount",
          "appliedTraits": [
            "is.dataFormat.integer",
            "is.linkedEntity.array.count"
          ],
          "attributeContext": "Resolved_FriendGroup_referenceOnly/attributeContext/Resolved_FriendGroup_referenceOnly/GroupOfPeople/_generatedAttributeSet/_generatedAttributeRound0/personCount",
          "dataFormat": "Int32"
        },
        {
          "name": "GroupOfPeopleName1",
          "appliedTraits": [
            "is.dataFormat.character",
            "is.dataFormat.big",
            "is.dataFormat.array"
          ],
          "attributeContext": "Resolved_FriendGroup_referenceOnly/attributeContext/Resolved_FriendGroup_referenceOnly/GroupOfPeople/_generatedAttributeSet/_generatedAttributeRound0/name1",
          "dataFormat": "String"
        },
        {
          "name": "GroupOfPeopleAddress1",
          "appliedTraits": [
            "is.dataFormat.character",
            "is.dataFormat.big",
            "is.dataFormat.array"
          ],
          "attributeContext": "Resolved_FriendGroup_referenceOnly/attributeContext/Resolved_FriendGroup_referenceOnly/GroupOfPeople/_generatedAttributeSet/_generatedAttributeRound0/address1",
          "dataFormat": "String"
        },
        {
          "name": "GroupOfPeoplePhoneNumber1",
          "appliedTraits": [
            "is.dataFormat.character",
            "is.dataFormat.big",
            "is.dataFormat.array"
          ],
          "attributeContext": "Resolved_FriendGroup_referenceOnly/attributeContext/Resolved_FriendGroup_referenceOnly/GroupOfPeople/_generatedAttributeSet/_generatedAttributeRound0/phoneNumber1",
          "dataFormat": "String"
        },
        {
          "name": "GroupOfPeopleEmail1",
          "appliedTraits": [
            "is.dataFormat.character",
            "is.dataFormat.big",
            "is.dataFormat.array"
          ],
          "attributeContext": "Resolved_FriendGroup_referenceOnly/attributeContext/Resolved_FriendGroup_referenceOnly/GroupOfPeople/_generatedAttributeSet/_generatedAttributeRound0/email1",
          "dataFormat": "String"
        },
        {
          "name": "GroupOfPeopleName2",
          "appliedTraits": [
            "is.dataFormat.character",
            "is.dataFormat.big",
            "is.dataFormat.array"
          ],
          "attributeContext": "Resolved_FriendGroup_referenceOnly/attributeContext/Resolved_FriendGroup_referenceOnly/GroupOfPeople/_generatedAttributeSet/_generatedAttributeRound0/name2",
          "dataFormat": "String"
        },
        {
          "name": "GroupOfPeopleAddress2",
          "appliedTraits": [
            "is.dataFormat.character",
            "is.dataFormat.big",
            "is.dataFormat.array"
          ],
          "attributeContext": "Resolved_FriendGroup_referenceOnly/attributeContext/Resolved_FriendGroup_referenceOnly/GroupOfPeople/_generatedAttributeSet/_generatedAttributeRound0/address2",
          "dataFormat": "String"
        },
        {
          "name": "GroupOfPeoplePhoneNumber2",
          "appliedTraits": [
            "is.dataFormat.character",
            "is.dataFormat.big",
            "is.dataFormat.array"
          ],
          "attributeContext": "Resolved_FriendGroup_referenceOnly/attributeContext/Resolved_FriendGroup_referenceOnly/GroupOfPeople/_generatedAttributeSet/_generatedAttributeRound0/phoneNumber2",
          "dataFormat": "String"
        },
        {
          "name": "GroupOfPeopleEmail2",
          "appliedTraits": [
            "is.dataFormat.character",
            "is.dataFormat.big",
            "is.dataFormat.array"
          ],
          "attributeContext": "Resolved_FriendGroup_referenceOnly/attributeContext/Resolved_FriendGroup_referenceOnly/GroupOfPeople/_generatedAttributeSet/_generatedAttributeRound0/email2",
          "dataFormat": "String"
        },
        {
          "name": "GroupOfPeopleName3",
          "appliedTraits": [
            "is.dataFormat.character",
            "is.dataFormat.big",
            "is.dataFormat.array"
          ],
          "attributeContext": "Resolved_FriendGroup_referenceOnly/attributeContext/Resolved_FriendGroup_referenceOnly/GroupOfPeople/_generatedAttributeSet/_generatedAttributeRound0/name3",
          "dataFormat": "String"
        },
        {
          "name": "GroupOfPeopleAddress3",
          "appliedTraits": [
            "is.dataFormat.character",
            "is.dataFormat.big",
            "is.dataFormat.array"
          ],
          "attributeContext": "Resolved_FriendGroup_referenceOnly/attributeContext/Resolved_FriendGroup_referenceOnly/GroupOfPeople/_generatedAttributeSet/_generatedAttributeRound0/address3",
          "dataFormat": "String"
        },
        {
          "name": "GroupOfPeoplePhoneNumber3",
          "appliedTraits": [
            "is.dataFormat.character",
            "is.dataFormat.big",
            "is.dataFormat.array"
          ],
          "attributeContext": "Resolved_FriendGroup_referenceOnly/attributeContext/Resolved_FriendGroup_referenceOnly/GroupOfPeople/_generatedAttributeSet/_generatedAttributeRound0/phoneNumber3",
          "dataFormat": "String"
        },
        {
          "name": "GroupOfPeopleEmail3",
          "appliedTraits": [
            "is.dataFormat.character",
            "is.dataFormat.big",
            "is.dataFormat.array"
          ],
          "attributeContext": "Resolved_FriendGroup_referenceOnly/attributeContext/Resolved_FriendGroup_referenceOnly/GroupOfPeople/_generatedAttributeSet/_generatedAttributeRound0/email3",
          "dataFormat": "String"
        }
      ],
      "version": "1.1"
    }
  ]
}