{
  "jsonSchemaSemanticVersion": "1.0.0",
  "imports": [
    {
      "corpusPath": "local:/NewPerson.cdm.json",
      "moniker": "resolvedFrom"
    }
  ],
  "definitions": [
    {
      "entityName": "Resolved_NewPerson_normalized_structured",
      "attributeContext": {
        "type": "entity",
        "name": "Resolved_NewPerson_normalized_structured",
        "definition": "resolvedFrom/NewPerson",
        "contents": [
          {
            "type": "entityReferenceExtends",
            "name": "extends",
            "parent": "Resolved_NewPerson_normalized_structured/attributeContext/Resolved_NewPerson_normalized_structured",
            "contents": [
              {
                "type": "entity",
                "name": "CdmEntity",
                "parent": "Resolved_NewPerson_normalized_structured/attributeContext/Resolved_NewPerson_normalized_structured/extends",
                "definition": "resolvedFrom/CdmEntity"
              }
            ]
          },
          {
            "type": "attributeDefinition",
            "name": "PersonInfo",
            "parent": "Resolved_NewPerson_normalized_structured/attributeContext/Resolved_NewPerson_normalized_structured",
            "definition": "resolvedFrom/NewPerson/hasAttributes/PersonInfo",
            "contents": [
              {
                "type": "projection",
                "name": "projection",
                "parent": "Resolved_NewPerson_normalized_structured/attributeContext/Resolved_NewPerson_normalized_structured/PersonInfo",
                "definition": "resolvedFrom/NewPerson/hasAttributes/PersonInfo/entity/projection",
                "contents": [
                  {
                    "type": "source",
                    "name": "source",
                    "parent": "Resolved_NewPerson_normalized_structured/attributeContext/Resolved_NewPerson_normalized_structured/PersonInfo/projection",
                    "contents": [
                      {
                        "type": "entity",
                        "name": "EmployedPerson",
                        "parent": "Resolved_NewPerson_normalized_structured/attributeContext/Resolved_NewPerson_normalized_structured/PersonInfo/projection/source",
                        "definition": "resolvedFrom/NewPerson/hasAttributes/PersonInfo/entity/projection/source/EmployedPerson",
                        "contents": [
                          {
                            "type": "attributeDefinition",
                            "name": "OccupationInfo",
                            "parent": "Resolved_NewPerson_normalized_structured/attributeContext/Resolved_NewPerson_normalized_structured/PersonInfo/projection/source/EmployedPerson",
                            "definition": "resolvedFrom/NewPerson/hasAttributes/PersonInfo/entity/projection/source/EmployedPerson/hasAttributes/OccupationInfo",
                            "contents": [
                              {
                                "type": "entity",
                                "name": "Occupation",
                                "parent": "Resolved_NewPerson_normalized_structured/attributeContext/Resolved_NewPerson_normalized_structured/PersonInfo/projection/source/EmployedPerson/OccupationInfo",
                                "definition": "resolvedFrom/Occupation",
                                "contents": [
                                  {
                                    "type": "entityReferenceExtends",
                                    "name": "extends",
                                    "parent": "Resolved_NewPerson_normalized_structured/attributeContext/Resolved_NewPerson_normalized_structured/PersonInfo/projection/source/EmployedPerson/OccupationInfo/Occupation",
                                    "contents": [
                                      {
                                        "type": "entity",
                                        "name": "CdmEntity",
                                        "parent": "Resolved_NewPerson_normalized_structured/attributeContext/Resolved_NewPerson_normalized_structured/PersonInfo/projection/source/EmployedPerson/OccupationInfo/Occupation/extends",
                                        "definition": "resolvedFrom/CdmEntity"
                                      }
                                    ]
                                  },
                                  {
                                    "type": "attributeDefinition",
                                    "name": "title",
                                    "parent": "Resolved_NewPerson_normalized_structured/attributeContext/Resolved_NewPerson_normalized_structured/PersonInfo/projection/source/EmployedPerson/OccupationInfo/Occupation",
                                    "definition": "resolvedFrom/Occupation/hasAttributes/title"
                                  },
                                  {
                                    "type": "attributeDefinition",
                                    "name": "company",
                                    "parent": "Resolved_NewPerson_normalized_structured/attributeContext/Resolved_NewPerson_normalized_structured/PersonInfo/projection/source/EmployedPerson/OccupationInfo/Occupation",
                                    "definition": "resolvedFrom/Occupation/hasAttributes/company"
                                  },
                                  {
                                    "type": "attributeDefinition",
                                    "name": "tenure",
                                    "parent": "Resolved_NewPerson_normalized_structured/attributeContext/Resolved_NewPerson_normalized_structured/PersonInfo/projection/source/EmployedPerson/OccupationInfo/Occupation",
                                    "definition": "resolvedFrom/Occupation/hasAttributes/tenure"
                                  }
                                ]
                              }
                            ]
                          },
                          {
                            "type": "attributeDefinition",
                            "name": "PersonInfo",
                            "parent": "Resolved_NewPerson_normalized_structured/attributeContext/Resolved_NewPerson_normalized_structured/PersonInfo/projection/source/EmployedPerson",
                            "definition": "resolvedFrom/NewPerson/hasAttributes/PersonInfo/entity/projection/source/EmployedPerson/hasAttributes/PersonInfo",
                            "contents": [
                              {
                                "type": "entity",
                                "name": "Person",
                                "parent": "Resolved_NewPerson_normalized_structured/attributeContext/Resolved_NewPerson_normalized_structured/PersonInfo/projection/source/EmployedPerson/PersonInfo",
                                "definition": "resolvedFrom/Person",
                                "contents": [
                                  {
                                    "type": "entityReferenceExtends",
                                    "name": "extends",
                                    "parent": "Resolved_NewPerson_normalized_structured/attributeContext/Resolved_NewPerson_normalized_structured/PersonInfo/projection/source/EmployedPerson/PersonInfo/Person",
                                    "contents": [
                                      {
                                        "type": "entity",
                                        "name": "CdmEntity",
                                        "parent": "Resolved_NewPerson_normalized_structured/attributeContext/Resolved_NewPerson_normalized_structured/PersonInfo/projection/source/EmployedPerson/PersonInfo/Person/extends",
                                        "definition": "resolvedFrom/CdmEntity"
                                      }
                                    ]
                                  },
                                  {
                                    "type": "attributeDefinition",
                                    "name": "name",
                                    "parent": "Resolved_NewPerson_normalized_structured/attributeContext/Resolved_NewPerson_normalized_structured/PersonInfo/projection/source/EmployedPerson/PersonInfo/Person",
                                    "definition": "resolvedFrom/Person/hasAttributes/name",
                                    "contents": [
                                      "Resolved_NewPerson_normalized_structured/hasAttributes/PersonInfo/members/name"
                                    ]
                                  },
                                  {
                                    "type": "attributeDefinition",
                                    "name": "age",
                                    "parent": "Resolved_NewPerson_normalized_structured/attributeContext/Resolved_NewPerson_normalized_structured/PersonInfo/projection/source/EmployedPerson/PersonInfo/Person",
                                    "definition": "resolvedFrom/Person/hasAttributes/age",
                                    "contents": [
                                      "Resolved_NewPerson_normalized_structured/hasAttributes/PersonInfo/members/age"
                                    ]
                                  },
                                  {
                                    "type": "attributeDefinition",
                                    "name": "address",
                                    "parent": "Resolved_NewPerson_normalized_structured/attributeContext/Resolved_NewPerson_normalized_structured/PersonInfo/projection/source/EmployedPerson/PersonInfo/Person",
                                    "definition": "resolvedFrom/Person/hasAttributes/address",
                                    "contents": [
                                      "Resolved_NewPerson_normalized_structured/hasAttributes/PersonInfo/members/address"
                                    ]
                                  },
                                  {
                                    "type": "attributeDefinition",
                                    "name": "phoneNumber",
                                    "parent": "Resolved_NewPerson_normalized_structured/attributeContext/Resolved_NewPerson_normalized_structured/PersonInfo/projection/source/EmployedPerson/PersonInfo/Person",
                                    "definition": "resolvedFrom/Person/hasAttributes/phoneNumber",
                                    "contents": [
                                      "Resolved_NewPerson_normalized_structured/hasAttributes/PersonInfo/members/phoneNumber"
                                    ]
                                  },
                                  {
                                    "type": "attributeDefinition",
                                    "name": "email",
                                    "parent": "Resolved_NewPerson_normalized_structured/attributeContext/Resolved_NewPerson_normalized_structured/PersonInfo/projection/source/EmployedPerson/PersonInfo/Person",
                                    "definition": "resolvedFrom/Person/hasAttributes/email",
                                    "contents": [
                                      "Resolved_NewPerson_normalized_structured/hasAttributes/PersonInfo/members/email"
                                    ]
                                  }
                                ]
                              }
                            ]
                          }
                        ]
                      }
                    ]
                  }
                ]
              }
            ]
          }
        ]
      },
      "hasAttributes": [
        {
          "attributeGroupReference": {
            "attributeGroupName": "PersonInfo",
            "attributeContext": "Resolved_NewPerson_normalized_structured/attributeContext/Resolved_NewPerson_normalized_structured/PersonInfo/projection/source/EmployedPerson/PersonInfo",
            "members": [
              {
                "name": "name",
                "appliedTraits": [
                  "is.dataFormat.character",
                  "is.dataFormat.big",
                  "is.dataFormat.array"
                ],
                "attributeContext": "Resolved_NewPerson_normalized_structured/attributeContext/Resolved_NewPerson_normalized_structured/PersonInfo/projection/source/EmployedPerson/PersonInfo/Person/name",
                "dataFormat": "String"
              },
              {
                "name": "age",
                "appliedTraits": [
                  "is.dataFormat.integer"
                ],
                "attributeContext": "Resolved_NewPerson_normalized_structured/attributeContext/Resolved_NewPerson_normalized_structured/PersonInfo/projection/source/EmployedPerson/PersonInfo/Person/age",
                "dataFormat": "Int32"
              },
              {
                "name": "address",
                "appliedTraits": [
                  "is.dataFormat.character",
                  "is.dataFormat.big",
                  "is.dataFormat.array"
                ],
                "attributeContext": "Resolved_NewPerson_normalized_structured/attributeContext/Resolved_NewPerson_normalized_structured/PersonInfo/projection/source/EmployedPerson/PersonInfo/Person/address",
                "dataFormat": "String"
              },
              {
                "name": "phoneNumber",
                "appliedTraits": [
                  "is.dataFormat.character",
                  "is.dataFormat.big",
                  "is.dataFormat.array"
                ],
                "attributeContext": "Resolved_NewPerson_normalized_structured/attributeContext/Resolved_NewPerson_normalized_structured/PersonInfo/projection/source/EmployedPerson/PersonInfo/Person/phoneNumber",
                "dataFormat": "String"
              },
              {
                "name": "email",
                "appliedTraits": [
                  "is.dataFormat.character",
                  "is.dataFormat.big",
                  "is.dataFormat.array"
                ],
                "attributeContext": "Resolved_NewPerson_normalized_structured/attributeContext/Resolved_NewPerson_normalized_structured/PersonInfo/projection/source/EmployedPerson/PersonInfo/Person/email",
                "dataFormat": "String"
              }
            ]
          }
        }
      ],
      "version": "1.1"
    }
  ]
}