{
  "jsonSchemaSemanticVersion": "1.0.0",
  "imports": [
    {
      "corpusPath": "local:/NewPerson.cdm.json",
      "moniker": "resolvedFrom"
    }
  ],
  "definitions": [
    {
      "entityName": "Resolved_NewPerson_referenceOnly_normalized",
      "attributeContext": {
        "type": "entity",
        "name": "Resolved_NewPerson_referenceOnly_normalized",
        "definition": "resolvedFrom/NewPerson",
        "contents": [
          {
            "type": "entityReferenceExtends",
            "name": "extends",
            "parent": "Resolved_NewPerson_referenceOnly_normalized/attributeContext/Resolved_NewPerson_referenceOnly_normalized",
            "contents": [
              {
                "type": "entity",
                "name": "CdmEntity",
                "parent": "Resolved_NewPerson_referenceOnly_normalized/attributeContext/Resolved_NewPerson_referenceOnly_normalized/extends",
                "definition": "resolvedFrom/CdmEntity"
              }
            ]
          },
          {
            "type": "attributeDefinition",
            "name": "PersonInfo",
            "parent": "Resolved_NewPerson_referenceOnly_normalized/attributeContext/Resolved_NewPerson_referenceOnly_normalized",
            "definition": "resolvedFrom/NewPerson/hasAttributes/PersonInfo",
            "contents": [
              {
                "type": "projection",
                "name": "projection",
                "parent": "Resolved_NewPerson_referenceOnly_normalized/attributeContext/Resolved_NewPerson_referenceOnly_normalized/PersonInfo",
                "definition": "resolvedFrom/NewPerson/hasAttributes/PersonInfo/entity/projection",
                "contents": [
                  {
                    "type": "source",
                    "name": "source",
                    "parent": "Resolved_NewPerson_referenceOnly_normalized/attributeContext/Resolved_NewPerson_referenceOnly_normalized/PersonInfo/projection",
                    "contents": [
                      {
                        "type": "entity",
                        "name": "EmployedPerson",
                        "parent": "Resolved_NewPerson_referenceOnly_normalized/attributeContext/Resolved_NewPerson_referenceOnly_normalized/PersonInfo/projection/source",
                        "definition": "resolvedFrom/NewPerson/hasAttributes/PersonInfo/entity/projection/source/EmployedPerson",
                        "contents": [
                          {
                            "type": "attributeDefinition",
                            "name": "PersonInfo",
                            "parent": "Resolved_NewPerson_referenceOnly_normalized/attributeContext/Resolved_NewPerson_referenceOnly_normalized/PersonInfo/projection/source/EmployedPerson",
                            "definition": "resolvedFrom/NewPerson/hasAttributes/PersonInfo/entity/projection/source/EmployedPerson/hasAttributes/PersonInfo",
                            "contents": [
                              {
                                "type": "entity",
                                "name": "Person",
                                "parent": "Resolved_NewPerson_referenceOnly_normalized/attributeContext/Resolved_NewPerson_referenceOnly_normalized/PersonInfo/projection/source/EmployedPerson/PersonInfo",
                                "definition": "resolvedFrom/Person",
                                "contents": [
                                  {
                                    "type": "entityReferenceExtends",
                                    "name": "extends",
                                    "parent": "Resolved_NewPerson_referenceOnly_normalized/attributeContext/Resolved_NewPerson_referenceOnly_normalized/PersonInfo/projection/source/EmployedPerson/PersonInfo/Person",
                                    "contents": [
                                      {
                                        "type": "entity",
                                        "name": "CdmEntity",
                                        "parent": "Resolved_NewPerson_referenceOnly_normalized/attributeContext/Resolved_NewPerson_referenceOnly_normalized/PersonInfo/projection/source/EmployedPerson/PersonInfo/Person/extends",
                                        "definition": "resolvedFrom/CdmEntity"
                                      }
                                    ]
                                  },
                                  {
                                    "type": "attributeDefinition",
                                    "name": "age",
                                    "parent": "Resolved_NewPerson_referenceOnly_normalized/attributeContext/Resolved_NewPerson_referenceOnly_normalized/PersonInfo/projection/source/EmployedPerson/PersonInfo/Person",
                                    "definition": "resolvedFrom/Person/hasAttributes/age"
                                  },
                                  {
                                    "type": "attributeDefinition",
                                    "name": "name",
                                    "parent": "Resolved_NewPerson_referenceOnly_normalized/attributeContext/Resolved_NewPerson_referenceOnly_normalized/PersonInfo/projection/source/EmployedPerson/PersonInfo/Person",
                                    "definition": "resolvedFrom/Person/hasAttributes/name",
                                    "contents": [
                                      "Resolved_NewPerson_referenceOnly_normalized/hasAttributes/PersonInfoName"
                                    ]
                                  },
                                  {
                                    "type": "attributeDefinition",
                                    "name": "address",
                                    "parent": "Resolved_NewPerson_referenceOnly_normalized/attributeContext/Resolved_NewPerson_referenceOnly_normalized/PersonInfo/projection/source/EmployedPerson/PersonInfo/Person",
                                    "definition": "resolvedFrom/Person/hasAttributes/address",
                                    "contents": [
                                      "Resolved_NewPerson_referenceOnly_normalized/hasAttributes/PersonInfoAddress"
                                    ]
                                  },
                                  {
                                    "type": "attributeDefinition",
                                    "name": "phoneNumber",
                                    "parent": "Resolved_NewPerson_referenceOnly_normalized/attributeContext/Resolved_NewPerson_referenceOnly_normalized/PersonInfo/projection/source/EmployedPerson/PersonInfo/Person",
                                    "definition": "resolvedFrom/Person/hasAttributes/phoneNumber",
                                    "contents": [
                                      "Resolved_NewPerson_referenceOnly_normalized/hasAttributes/PersonInfoPhoneNumber"
                                    ]
                                  },
                                  {
                                    "type": "attributeDefinition",
                                    "name": "email",
                                    "parent": "Resolved_NewPerson_referenceOnly_normalized/attributeContext/Resolved_NewPerson_referenceOnly_normalized/PersonInfo/projection/source/EmployedPerson/PersonInfo/Person",
                                    "definition": "resolvedFrom/Person/hasAttributes/email",
                                    "contents": [
                                      "Resolved_NewPerson_referenceOnly_normalized/hasAttributes/PersonInfoEmail"
                                    ]
                                  }
                                ]
                              }
                            ]
                          },
                          {
                            "type": "attributeDefinition",
                            "name": "OccupationInfo",
                            "parent": "Resolved_NewPerson_referenceOnly_normalized/attributeContext/Resolved_NewPerson_referenceOnly_normalized/PersonInfo/projection/source/EmployedPerson",
                            "definition": "resolvedFrom/NewPerson/hasAttributes/PersonInfo/entity/projection/source/EmployedPerson/hasAttributes/OccupationInfo",
                            "contents": [
                              {
                                "type": "entity",
                                "name": "Occupation",
                                "parent": "Resolved_NewPerson_referenceOnly_normalized/attributeContext/Resolved_NewPerson_referenceOnly_normalized/PersonInfo/projection/source/EmployedPerson/OccupationInfo",
                                "definition": "resolvedFrom/Occupation",
                                "contents": [
                                  {
                                    "type": "entityReferenceExtends",
                                    "name": "extends",
                                    "parent": "Resolved_NewPerson_referenceOnly_normalized/attributeContext/Resolved_NewPerson_referenceOnly_normalized/PersonInfo/projection/source/EmployedPerson/OccupationInfo/Occupation",
                                    "contents": [
                                      {
                                        "type": "entity",
                                        "name": "CdmEntity",
                                        "parent": "Resolved_NewPerson_referenceOnly_normalized/attributeContext/Resolved_NewPerson_referenceOnly_normalized/PersonInfo/projection/source/EmployedPerson/OccupationInfo/Occupation/extends",
                                        "definition": "resolvedFrom/CdmEntity"
                                      }
                                    ]
                                  },
                                  {
                                    "type": "attributeDefinition",
                                    "name": "title",
                                    "parent": "Resolved_NewPerson_referenceOnly_normalized/attributeContext/Resolved_NewPerson_referenceOnly_normalized/PersonInfo/projection/source/EmployedPerson/OccupationInfo/Occupation",
                                    "definition": "resolvedFrom/Occupation/hasAttributes/title",
                                    "contents": [
                                      "Resolved_NewPerson_referenceOnly_normalized/hasAttributes/OccupationInfoTitle"
                                    ]
                                  },
                                  {
                                    "type": "attributeDefinition",
                                    "name": "company",
                                    "parent": "Resolved_NewPerson_referenceOnly_normalized/attributeContext/Resolved_NewPerson_referenceOnly_normalized/PersonInfo/projection/source/EmployedPerson/OccupationInfo/Occupation",
                                    "definition": "resolvedFrom/Occupation/hasAttributes/company",
                                    "contents": [
                                      "Resolved_NewPerson_referenceOnly_normalized/hasAttributes/OccupationInfoCompany"
                                    ]
                                  },
                                  {
                                    "type": "attributeDefinition",
                                    "name": "tenure",
                                    "parent": "Resolved_NewPerson_referenceOnly_normalized/attributeContext/Resolved_NewPerson_referenceOnly_normalized/PersonInfo/projection/source/EmployedPerson/OccupationInfo/Occupation",
                                    "definition": "resolvedFrom/Occupation/hasAttributes/tenure",
                                    "contents": [
                                      "Resolved_NewPerson_referenceOnly_normalized/hasAttributes/OccupationInfoTenure"
                                    ]
                                  }
                                ]
                              }
                            ]
                          }
                        ]
                      }
                    ]
                  }
                ]
              }
            ]
          }
        ]
      },
      "hasAttributes": [
        {
          "name": "PersonInfoName",
          "appliedTraits": [
            "is.dataFormat.character",
            "is.dataFormat.big",
            "is.dataFormat.array"
          ],
          "attributeContext": "Resolved_NewPerson_referenceOnly_normalized/attributeContext/Resolved_NewPerson_referenceOnly_normalized/PersonInfo/projection/source/EmployedPerson/PersonInfo/Person/name",
          "dataFormat": "String"
        },
        {
          "name": "PersonInfoAddress",
          "appliedTraits": [
            "is.dataFormat.character",
            "is.dataFormat.big",
            "is.dataFormat.array"
          ],
          "attributeContext": "Resolved_NewPerson_referenceOnly_normalized/attributeContext/Resolved_NewPerson_referenceOnly_normalized/PersonInfo/projection/source/EmployedPerson/PersonInfo/Person/address",
          "dataFormat": "String"
        },
        {
          "name": "PersonInfoPhoneNumber",
          "appliedTraits": [
            "is.dataFormat.character",
            "is.dataFormat.big",
            "is.dataFormat.array"
          ],
          "attributeContext": "Resolved_NewPerson_referenceOnly_normalized/attributeContext/Resolved_NewPerson_referenceOnly_normalized/PersonInfo/projection/source/EmployedPerson/PersonInfo/Person/phoneNumber",
          "dataFormat": "String"
        },
        {
          "name": "PersonInfoEmail",
          "appliedTraits": [
            "is.dataFormat.character",
            "is.dataFormat.big",
            "is.dataFormat.array"
          ],
          "attributeContext": "Resolved_NewPerson_referenceOnly_normalized/attributeContext/Resolved_NewPerson_referenceOnly_normalized/PersonInfo/projection/source/EmployedPerson/PersonInfo/Person/email",
          "dataFormat": "String"
        },
        {
          "name": "OccupationInfoTitle",
          "appliedTraits": [
            "is.dataFormat.character",
            "is.dataFormat.big",
            "is.dataFormat.array"
          ],
          "attributeContext": "Resolved_NewPerson_referenceOnly_normalized/attributeContext/Resolved_NewPerson_referenceOnly_normalized/PersonInfo/projection/source/EmployedPerson/OccupationInfo/Occupation/title",
          "dataFormat": "String"
        },
        {
          "name": "OccupationInfoCompany",
          "appliedTraits": [
            "is.dataFormat.character",
            "is.dataFormat.big",
            "is.dataFormat.array"
          ],
          "attributeContext": "Resolved_NewPerson_referenceOnly_normalized/attributeContext/Resolved_NewPerson_referenceOnly_normalized/PersonInfo/projection/source/EmployedPerson/OccupationInfo/Occupation/company",
          "dataFormat": "String"
        },
        {
          "name": "OccupationInfoTenure",
          "appliedTraits": [
            "is.dataFormat.integer"
          ],
          "attributeContext": "Resolved_NewPerson_referenceOnly_normalized/attributeContext/Resolved_NewPerson_referenceOnly_normalized/PersonInfo/projection/source/EmployedPerson/OccupationInfo/Occupation/tenure",
          "dataFormat": "Int32"
        }
      ],
      "version": "1.1"
    }
  ]
}