Resolved_SalesEntityAttribute_structured.cdm.json/attributeContext/Resolved_SalesEntityAttribute_structured.cdm.json/extends
Resolved_SalesEntityAttribute_structured.cdm.json/attributeContext/Resolved_SalesEntityAttribute_structured.cdm.json/extends/CdmEntity
Resolved_SalesEntityAttribute_structured.cdm.json/attributeContext/Resolved_SalesEntityAttribute_structured.cdm.json/ProductBought
Resolved_SalesEntityAttribute_structured.cdm.json/attributeContext/Resolved_SalesEntityAttribute_structured.cdm.json/ProductBought/Product
Resolved_SalesEntityAttribute_structured.cdm.json/attributeContext/Resolved_SalesEntityAttribute_structured.cdm.json/ProductBought/Product/extends
Resolved_SalesEntityAttribute_structured.cdm.json/attributeContext/Resolved_SalesEntityAttribute_structured.cdm.json/ProductBought/Product/extends/CdmEntity
Resolved_SalesEntityAttribute_structured.cdm.json/attributeContext/Resolved_SalesEntityAttribute_structured.cdm.json/ProductBought/Product/ProductId
output:/Resolved_SalesEntityAttribute_structured.cdm.json.cdm.json/Resolved_SalesEntityAttribute_structured.cdm.json/attributeContext/Resolved_SalesEntityAttribute_structured.cdm.json/ProductBought/Product/ProductId/Resolved_SalesEntityAttribute_structured.cdm.json/hasAttributes/ProductBought/members/ProductId/(ref)
Resolved_SalesEntityAttribute_structured.cdm.json/attributeContext/Resolved_SalesEntityAttribute_structured.cdm.json/ProductBought/Product/ProductName
output:/Resolved_SalesEntityAttribute_structured.cdm.json.cdm.json/Resolved_SalesEntityAttribute_structured.cdm.json/attributeContext/Resolved_SalesEntityAttribute_structured.cdm.json/ProductBought/Product/ProductName/Resolved_SalesEntityAttribute_structured.cdm.json/hasAttributes/ProductBought/members/ProductName/(ref)
Resolved_SalesEntityAttribute_structured.cdm.json/attributeContext/Resolved_SalesEntityAttribute_structured.cdm.json/Amount
output:/Resolved_SalesEntityAttribute_structured.cdm.json.cdm.json/Resolved_SalesEntityAttribute_structured.cdm.json/attributeContext/Resolved_SalesEntityAttribute_structured.cdm.json/Amount/Resolved_SalesEntityAttribute_structured.cdm.json/hasAttributes/Amount/(ref)
output:/Resolved_SalesEntityAttribute_structured.cdm.json.cdm.json/Resolved_SalesEntityAttribute_structured.cdm.json/hasAttributes/ProductBought/(ref)
output:/Resolved_SalesEntityAttribute_structured.cdm.json.cdm.json/Resolved_SalesEntityAttribute_structured.cdm.json/hasAttributes/Amount
is.dataFormat.numeric.shaped
is.dataFormat.numeric.shaped
