Resolved_SalesEntityAttribute_referenceOnly_normalized.cdm.json/attributeContext/Resolved_SalesEntityAttribute_referenceOnly_normalized.cdm.json/extends
Resolved_SalesEntityAttribute_referenceOnly_normalized.cdm.json/attributeContext/Resolved_SalesEntityAttribute_referenceOnly_normalized.cdm.json/extends/CdmEntity
Resolved_SalesEntityAttribute_referenceOnly_normalized.cdm.json/attributeContext/Resolved_SalesEntityAttribute_referenceOnly_normalized.cdm.json/ProductBought
Resolved_SalesEntityAttribute_referenceOnly_normalized.cdm.json/attributeContext/Resolved_SalesEntityAttribute_referenceOnly_normalized.cdm.json/ProductBought/Product
Resolved_SalesEntityAttribute_referenceOnly_normalized.cdm.json/attributeContext/Resolved_SalesEntityAttribute_referenceOnly_normalized.cdm.json/ProductBought/Product/extends
Resolved_SalesEntityAttribute_referenceOnly_normalized.cdm.json/attributeContext/Resolved_SalesEntityAttribute_referenceOnly_normalized.cdm.json/ProductBought/Product/extends/CdmEntity
Resolved_SalesEntityAttribute_referenceOnly_normalized.cdm.json/attributeContext/Resolved_SalesEntityAttribute_referenceOnly_normalized.cdm.json/ProductBought/Product/ProductId
Resolved_SalesEntityAttribute_referenceOnly_normalized.cdm.json/attributeContext/Resolved_SalesEntityAttribute_referenceOnly_normalized.cdm.json/ProductBought/Product/ProductName
Resolved_SalesEntityAttribute_referenceOnly_normalized.cdm.json/attributeContext/Resolved_SalesEntityAttribute_referenceOnly_normalized.cdm.json/ProductBought/_generatedAttributeSet
Resolved_SalesEntityAttribute_referenceOnly_normalized.cdm.json/attributeContext/Resolved_SalesEntityAttribute_referenceOnly_normalized.cdm.json/ProductBought/_generatedAttributeSet/_generatedAttributeRound0
Resolved_SalesEntityAttribute_referenceOnly_normalized.cdm.json/attributeContext/Resolved_SalesEntityAttribute_referenceOnly_normalized.cdm.json/ProductBought/_generatedAttributeSet/_generatedAttributeRound0/ProductId
output:/Resolved_SalesEntityAttribute_referenceOnly_normalized.cdm.json.cdm.json/Resolved_SalesEntityAttribute_referenceOnly_normalized.cdm.json/attributeContext/Resolved_SalesEntityAttribute_referenceOnly_normalized.cdm.json/ProductBought/_generatedAttributeSet/_generatedAttributeRound0/ProductId/Resolved_SalesEntityAttribute_referenceOnly_normalized.cdm.json/hasAttributes/ProductBoughtProductId/(ref)
Resolved_SalesEntityAttribute_referenceOnly_normalized.cdm.json/attributeContext/Resolved_SalesEntityAttribute_referenceOnly_normalized.cdm.json/ProductBought/_generatedAttributeSet/_generatedAttributeRound0/ProductName
output:/Resolved_SalesEntityAttribute_referenceOnly_normalized.cdm.json.cdm.json/Resolved_SalesEntityAttribute_referenceOnly_normalized.cdm.json/attributeContext/Resolved_SalesEntityAttribute_referenceOnly_normalized.cdm.json/ProductBought/_generatedAttributeSet/_generatedAttributeRound0/ProductName/Resolved_SalesEntityAttribute_referenceOnly_normalized.cdm.json/hasAttributes/ProductBoughtProductName/(ref)
Resolved_SalesEntityAttribute_referenceOnly_normalized.cdm.json/attributeContext/Resolved_SalesEntityAttribute_referenceOnly_normalized.cdm.json/Amount
output:/Resolved_SalesEntityAttribute_referenceOnly_normalized.cdm.json.cdm.json/Resolved_SalesEntityAttribute_referenceOnly_normalized.cdm.json/attributeContext/Resolved_SalesEntityAttribute_referenceOnly_normalized.cdm.json/Amount/Resolved_SalesEntityAttribute_referenceOnly_normalized.cdm.json/hasAttributes/Amount/(ref)
output:/Resolved_SalesEntityAttribute_referenceOnly_normalized.cdm.json.cdm.json/Resolved_SalesEntityAttribute_referenceOnly_normalized.cdm.json/hasAttributes/ProductBoughtProductId
is.dataFormat.integer
is.identifiedBy
  [Parameter (Name / DefaultValue): attribute / this.attribute]
  [Argument Value: Resolved_SalesEntityAttribute_referenceOnly_normalized.cdm.json/(resolvedAttributes)/ProductId]
is.dataFormat.integer
output:/Resolved_SalesEntityAttribute_referenceOnly_normalized.cdm.json.cdm.json/Resolved_SalesEntityAttribute_referenceOnly_normalized.cdm.json/hasAttributes/ProductBoughtProductName
is.dataFormat.character
is.dataFormat.big
is.dataFormat.array
is.dataFormat.character
is.dataFormat.array
output:/Resolved_SalesEntityAttribute_referenceOnly_normalized.cdm.json.cdm.json/Resolved_SalesEntityAttribute_referenceOnly_normalized.cdm.json/hasAttributes/Amount
is.dataFormat.numeric.shaped
is.dataFormat.numeric.shaped
