Resolved_SalesForeignKey_structured.cdm.json/attributeContext/Resolved_SalesForeignKey_structured.cdm.json/extends
Resolved_SalesForeignKey_structured.cdm.json/attributeContext/Resolved_SalesForeignKey_structured.cdm.json/extends/CdmEntity
Resolved_SalesForeignKey_structured.cdm.json/attributeContext/Resolved_SalesForeignKey_structured.cdm.json/SalesForeignKeyAmount
output:/Resolved_SalesForeignKey_structured.cdm.json.cdm.json/Resolved_SalesForeignKey_structured.cdm.json/attributeContext/Resolved_SalesForeignKey_structured.cdm.json/SalesForeignKeyAmount/Resolved_SalesForeignKey_structured.cdm.json/hasAttributes/SalesForeignKeyAmount/(ref)
Resolved_SalesForeignKey_structured.cdm.json/attributeContext/Resolved_SalesForeignKey_structured.cdm.json/SalesForeignKeyProductId
Resolved_SalesForeignKey_structured.cdm.json/attributeContext/Resolved_SalesForeignKey_structured.cdm.json/SalesForeignKeyProductId/projection
Resolved_SalesForeignKey_structured.cdm.json/attributeContext/Resolved_SalesForeignKey_structured.cdm.json/SalesForeignKeyProductId/projection/source
Resolved_SalesForeignKey_structured.cdm.json/attributeContext/Resolved_SalesForeignKey_structured.cdm.json/SalesForeignKeyProductId/projection/source/Product
Resolved_SalesForeignKey_structured.cdm.json/attributeContext/Resolved_SalesForeignKey_structured.cdm.json/SalesForeignKeyProductId/projection/source/Product/extends
Resolved_SalesForeignKey_structured.cdm.json/attributeContext/Resolved_SalesForeignKey_structured.cdm.json/SalesForeignKeyProductId/projection/source/Product/extends/CdmEntity
Resolved_SalesForeignKey_structured.cdm.json/attributeContext/Resolved_SalesForeignKey_structured.cdm.json/SalesForeignKeyProductId/projection/source/Product/ProductId
output:/Resolved_SalesForeignKey_structured.cdm.json.cdm.json/Resolved_SalesForeignKey_structured.cdm.json/attributeContext/Resolved_SalesForeignKey_structured.cdm.json/SalesForeignKeyProductId/projection/source/Product/ProductId/Resolved_SalesForeignKey_structured.cdm.json/hasAttributes/ProductId/(ref)
Resolved_SalesForeignKey_structured.cdm.json/attributeContext/Resolved_SalesForeignKey_structured.cdm.json/SalesForeignKeyProductId/projection/source/Product/ProductName
output:/Resolved_SalesForeignKey_structured.cdm.json.cdm.json/Resolved_SalesForeignKey_structured.cdm.json/attributeContext/Resolved_SalesForeignKey_structured.cdm.json/SalesForeignKeyProductId/projection/source/Product/ProductName/Resolved_SalesForeignKey_structured.cdm.json/hasAttributes/ProductName/(ref)
output:/Resolved_SalesForeignKey_structured.cdm.json.cdm.json/Resolved_SalesForeignKey_structured.cdm.json/hasAttributes/SalesForeignKeyAmount
is.dataFormat.numeric.shaped
is.dataFormat.numeric.shaped
output:/Resolved_SalesForeignKey_structured.cdm.json.cdm.json/Resolved_SalesForeignKey_structured.cdm.json/hasAttributes/ProductId
is.dataFormat.integer
is.identifiedBy
  [Parameter (Name / DefaultValue): attribute / this.attribute]
  [Argument Value: Resolved_SalesForeignKey_structured.cdm.json/(resolvedAttributes)/ProductId]
is.dataFormat.integer
output:/Resolved_SalesForeignKey_structured.cdm.json.cdm.json/Resolved_SalesForeignKey_structured.cdm.json/hasAttributes/ProductName
is.dataFormat.character
is.dataFormat.big
is.dataFormat.array
is.dataFormat.character
is.dataFormat.array
