{
    "jsonSchemaSemanticVersion": "1.0.0",
    "imports": [
        {
            "corpusPath": "localInput:/Sales.cdm.json",
            "moniker": "resolvedFrom"
        }
    ],
    "definitions": [
        {
            "entityName": "Sales_Resolved_normalized.cdm.json",
            "version": "1.0",
            "hasAttributes": [
                {
                    "name": "SalesId",
                    "appliedTraits": [
                        "is.dataFormat.integer"
                    ],
                    "attributeContext": "Sales_Resolved_normalized.cdm.json/attributeContext/Sales_Resolved_normalized.cdm.json/SalesId",
                    "isPrimaryKey": true,
                    "dataFormat": "Int32"
                },
                {
                    "name": "SalesNumberOfUnits",
                    "appliedTraits": [
                        "is.dataFormat.integer"
                    ],
                    "attributeContext": "Sales_Resolved_normalized.cdm.json/attributeContext/Sales_Resolved_normalized.cdm.json/SalesNumberOfUnits",
                    "dataFormat": "Int32"
                },
                {
                    "name": "SalesAmount",
                    "appliedTraits": [
                        {
                            "traitReference": "is.dataFormat.numeric.shaped"
                        }
                    ],
                    "attributeContext": "Sales_Resolved_normalized.cdm.json/attributeContext/Sales_Resolved_normalized.cdm.json/SalesAmount",
                    "dataFormat": "Decimal"
                },
                {
                    "name": "SalesTypeAttribute",
                    "appliedTraits": [
                        "is.dataFormat.character",
                        "is.dataFormat.big",
                        "is.dataFormat.array"
                    ],
                    "attributeContext": "Sales_Resolved_normalized.cdm.json/attributeContext/Sales_Resolved_normalized.cdm.json/SalesTypeAttribute",
                    "dataFormat": "String"
                },
                {
                    "name": "ProductId",
                    "appliedTraits": [
                        "is.dataFormat.integer"
                    ],
                    "attributeContext": "Sales_Resolved_normalized.cdm.json/attributeContext/Sales_Resolved_normalized.cdm.json/SalesProductId/_generatedAttributeSet/_generatedAttributeRound0/ProductId",
                    "isPrimaryKey": true,
                    "dataFormat": "Int32"
                },
                {
                    "name": "ProductName",
                    "appliedTraits": [
                        "is.dataFormat.character",
                        "is.dataFormat.big",
                        "is.dataFormat.array"
                    ],
                    "attributeContext": "Sales_Resolved_normalized.cdm.json/attributeContext/Sales_Resolved_normalized.cdm.json/SalesProductId/_generatedAttributeSet/_generatedAttributeRound0/ProductName",
                    "dataFormat": "String"
                },
                {
                    "name": "ProductColor",
                    "appliedTraits": [
                        "is.dataFormat.character",
                        "is.dataFormat.big",
                        "is.dataFormat.array"
                    ],
                    "attributeContext": "Sales_Resolved_normalized.cdm.json/attributeContext/Sales_Resolved_normalized.cdm.json/SalesProductId/_generatedAttributeSet/_generatedAttributeRound0/ProductColor",
                    "dataFormat": "String"
                },
                {
                    "name": "ProductUnitPrice",
                    "appliedTraits": [
                        {
                            "traitReference": "is.dataFormat.numeric.shaped"
                        }
                    ],
                    "attributeContext": "Sales_Resolved_normalized.cdm.json/attributeContext/Sales_Resolved_normalized.cdm.json/SalesProductId/_generatedAttributeSet/_generatedAttributeRound0/ProductUnitPrice",
                    "dataFormat": "Decimal"
                }
            ],
            "attributeContext": {
                "name": "Sales_Resolved_normalized.cdm.json",
                "type": "entity",
                "definition": "resolvedFrom/Sales",
                "contents": [
                    {
                        "name": "extends",
                        "type": "entityReferenceExtends",
                        "parent": "Sales_Resolved_normalized.cdm.json/attributeContext/Sales_Resolved_normalized.cdm.json",
                        "contents": [
                            {
                                "name": "CdmEntity",
                                "type": "entity",
                                "parent": "Sales_Resolved_normalized.cdm.json/attributeContext/Sales_Resolved_normalized.cdm.json/extends",
                                "definition": "resolvedFrom/CdmEntity"
                            }
                        ]
                    },
                    {
                        "name": "SalesId",
                        "type": "attributeDefinition",
                        "parent": "Sales_Resolved_normalized.cdm.json/attributeContext/Sales_Resolved_normalized.cdm.json",
                        "definition": "resolvedFrom/Sales/hasAttributes/SalesId",
                        "contents": [
                            "Sales_Resolved_normalized.cdm.json/hasAttributes/SalesId"
                        ]
                    },
                    {
                        "name": "SalesNumberOfUnits",
                        "type": "attributeDefinition",
                        "parent": "Sales_Resolved_normalized.cdm.json/attributeContext/Sales_Resolved_normalized.cdm.json",
                        "definition": "resolvedFrom/Sales/hasAttributes/SalesNumberOfUnits",
                        "contents": [
                            "Sales_Resolved_normalized.cdm.json/hasAttributes/SalesNumberOfUnits"
                        ]
                    },
                    {
                        "name": "SalesAmount",
                        "type": "attributeDefinition",
                        "parent": "Sales_Resolved_normalized.cdm.json/attributeContext/Sales_Resolved_normalized.cdm.json",
                        "definition": "resolvedFrom/Sales/hasAttributes/SalesAmount",
                        "contents": [
                            "Sales_Resolved_normalized.cdm.json/hasAttributes/SalesAmount"
                        ]
                    },
                    {
                        "name": "SalesTypeAttribute",
                        "type": "attributeDefinition",
                        "parent": "Sales_Resolved_normalized.cdm.json/attributeContext/Sales_Resolved_normalized.cdm.json",
                        "definition": "resolvedFrom/Sales/hasAttributes/SalesTypeAttribute",
                        "contents": [
                            "Sales_Resolved_normalized.cdm.json/hasAttributes/SalesTypeAttribute"
                        ]
                    },
                    {
                        "name": "SalesProductId",
                        "type": "attributeDefinition",
                        "parent": "Sales_Resolved_normalized.cdm.json/attributeContext/Sales_Resolved_normalized.cdm.json",
                        "definition": "resolvedFrom/Sales/hasAttributes/SalesProductId",
                        "contents": [
                            {
                                "name": "Product",
                                "type": "entity",
                                "parent": "Sales_Resolved_normalized.cdm.json/attributeContext/Sales_Resolved_normalized.cdm.json/SalesProductId",
                                "definition": "resolvedFrom/Product",
                                "contents": [
                                    {
                                        "name": "extends",
                                        "type": "entityReferenceExtends",
                                        "parent": "Sales_Resolved_normalized.cdm.json/attributeContext/Sales_Resolved_normalized.cdm.json/SalesProductId/Product",
                                        "contents": [
                                            {
                                                "name": "CdmEntity",
                                                "type": "entity",
                                                "parent": "Sales_Resolved_normalized.cdm.json/attributeContext/Sales_Resolved_normalized.cdm.json/SalesProductId/Product/extends",
                                                "definition": "resolvedFrom/CdmEntity"
                                            }
                                        ]
                                    },
                                    {
                                        "name": "ProductId",
                                        "type": "attributeDefinition",
                                        "parent": "Sales_Resolved_normalized.cdm.json/attributeContext/Sales_Resolved_normalized.cdm.json/SalesProductId/Product",
                                        "definition": "resolvedFrom/Product/hasAttributes/ProductId"
                                    },
                                    {
                                        "name": "ProductName",
                                        "type": "attributeDefinition",
                                        "parent": "Sales_Resolved_normalized.cdm.json/attributeContext/Sales_Resolved_normalized.cdm.json/SalesProductId/Product",
                                        "definition": "resolvedFrom/Product/hasAttributes/ProductName"
                                    },
                                    {
                                        "name": "ProductColor",
                                        "type": "attributeDefinition",
                                        "parent": "Sales_Resolved_normalized.cdm.json/attributeContext/Sales_Resolved_normalized.cdm.json/SalesProductId/Product",
                                        "definition": "resolvedFrom/Product/hasAttributes/ProductColor"
                                    },
                                    {
                                        "name": "ProductUnitPrice",
                                        "type": "attributeDefinition",
                                        "parent": "Sales_Resolved_normalized.cdm.json/attributeContext/Sales_Resolved_normalized.cdm.json/SalesProductId/Product",
                                        "definition": "resolvedFrom/Product/hasAttributes/ProductUnitPrice"
                                    }
                                ]
                            },
                            {
                                "name": "_generatedAttributeSet",
                                "type": "generatedSet",
                                "parent": "Sales_Resolved_normalized.cdm.json/attributeContext/Sales_Resolved_normalized.cdm.json/SalesProductId",
                                "contents": [
                                    {
                                        "name": "_generatedAttributeRound0",
                                        "type": "generatedRound",
                                        "parent": "Sales_Resolved_normalized.cdm.json/attributeContext/Sales_Resolved_normalized.cdm.json/SalesProductId/_generatedAttributeSet",
                                        "contents": [
                                            {
                                                "name": "ProductId",
                                                "type": "attributeDefinition",
                                                "parent": "Sales_Resolved_normalized.cdm.json/attributeContext/Sales_Resolved_normalized.cdm.json/SalesProductId/_generatedAttributeSet/_generatedAttributeRound0",
                                                "definition": "resolvedFrom/Product/hasAttributes/ProductId",
                                                "contents": [
                                                    "Sales_Resolved_normalized.cdm.json/hasAttributes/ProductId"
                                                ]
                                            },
                                            {
                                                "name": "ProductName",
                                                "type": "attributeDefinition",
                                                "parent": "Sales_Resolved_normalized.cdm.json/attributeContext/Sales_Resolved_normalized.cdm.json/SalesProductId/_generatedAttributeSet/_generatedAttributeRound0",
                                                "definition": "resolvedFrom/Product/hasAttributes/ProductName",
                                                "contents": [
                                                    "Sales_Resolved_normalized.cdm.json/hasAttributes/ProductName"
                                                ]
                                            },
                                            {
                                                "name": "ProductColor",
                                                "type": "attributeDefinition",
                                                "parent": "Sales_Resolved_normalized.cdm.json/attributeContext/Sales_Resolved_normalized.cdm.json/SalesProductId/_generatedAttributeSet/_generatedAttributeRound0",
                                                "definition": "resolvedFrom/Product/hasAttributes/ProductColor",
                                                "contents": [
                                                    "Sales_Resolved_normalized.cdm.json/hasAttributes/ProductColor"
                                                ]
                                            },
                                            {
                                                "name": "ProductUnitPrice",
                                                "type": "attributeDefinition",
                                                "parent": "Sales_Resolved_normalized.cdm.json/attributeContext/Sales_Resolved_normalized.cdm.json/SalesProductId/_generatedAttributeSet/_generatedAttributeRound0",
                                                "definition": "resolvedFrom/Product/hasAttributes/ProductUnitPrice",
                                                "contents": [
                                                    "Sales_Resolved_normalized.cdm.json/hasAttributes/ProductUnitPrice"
                                                ]
                                            }
                                        ]
                                    }
                                ]
                            }
                        ]
                    }
                ]
            }
        }
    ]
}