Resolved_SalesGroupFK_normalized.cdm.json/attributeContext/Resolved_SalesGroupFK_normalized.cdm.json/extends
Resolved_SalesGroupFK_normalized.cdm.json/attributeContext/Resolved_SalesGroupFK_normalized.cdm.json/extends/CdmEntity
Resolved_SalesGroupFK_normalized.cdm.json/attributeContext/Resolved_SalesGroupFK_normalized.cdm.json/SalesForeignKeyAmount
output:/Resolved_SalesGroupFK_normalized.cdm.json.cdm.json/Resolved_SalesGroupFK_normalized.cdm.json/attributeContext/Resolved_SalesGroupFK_normalized.cdm.json/SalesForeignKeyAmount/Resolved_SalesGroupFK_normalized.cdm.json/hasAttributes/SalesForeignKeyAmount/(ref)
Resolved_SalesGroupFK_normalized.cdm.json/attributeContext/Resolved_SalesGroupFK_normalized.cdm.json/SalesForeignKeyProductId
Resolved_SalesGroupFK_normalized.cdm.json/attributeContext/Resolved_SalesGroupFK_normalized.cdm.json/SalesForeignKeyProductId/projection
Resolved_SalesGroupFK_normalized.cdm.json/attributeContext/Resolved_SalesGroupFK_normalized.cdm.json/SalesForeignKeyProductId/projection/source
Resolved_SalesGroupFK_normalized.cdm.json/attributeContext/Resolved_SalesGroupFK_normalized.cdm.json/SalesForeignKeyProductId/projection/source/ProductGroup
Resolved_SalesGroupFK_normalized.cdm.json/attributeContext/Resolved_SalesGroupFK_normalized.cdm.json/SalesForeignKeyProductId/projection/source/ProductGroup/extends
Resolved_SalesGroupFK_normalized.cdm.json/attributeContext/Resolved_SalesGroupFK_normalized.cdm.json/SalesForeignKeyProductId/projection/source/ProductGroup/extends/CdmEntity
Resolved_SalesGroupFK_normalized.cdm.json/attributeContext/Resolved_SalesGroupFK_normalized.cdm.json/SalesForeignKeyProductId/projection/source/ProductGroup/testGroup
Resolved_SalesGroupFK_normalized.cdm.json/attributeContext/Resolved_SalesGroupFK_normalized.cdm.json/SalesForeignKeyProductId/projection/source/ProductGroup/testGroup/testGroup
Resolved_SalesGroupFK_normalized.cdm.json/attributeContext/Resolved_SalesGroupFK_normalized.cdm.json/SalesForeignKeyProductId/projection/source/ProductGroup/testGroup/testGroup/ProductId
output:/Resolved_SalesGroupFK_normalized.cdm.json.cdm.json/Resolved_SalesGroupFK_normalized.cdm.json/attributeContext/Resolved_SalesGroupFK_normalized.cdm.json/SalesForeignKeyProductId/projection/source/ProductGroup/testGroup/testGroup/ProductId/Resolved_SalesGroupFK_normalized.cdm.json/hasAttributes/ProductId/(ref)
Resolved_SalesGroupFK_normalized.cdm.json/attributeContext/Resolved_SalesGroupFK_normalized.cdm.json/SalesForeignKeyProductId/projection/source/ProductGroup/testGroup/testGroup/ProductName
output:/Resolved_SalesGroupFK_normalized.cdm.json.cdm.json/Resolved_SalesGroupFK_normalized.cdm.json/attributeContext/Resolved_SalesGroupFK_normalized.cdm.json/SalesForeignKeyProductId/projection/source/ProductGroup/testGroup/testGroup/ProductName/Resolved_SalesGroupFK_normalized.cdm.json/hasAttributes/ProductName/(ref)
output:/Resolved_SalesGroupFK_normalized.cdm.json.cdm.json/Resolved_SalesGroupFK_normalized.cdm.json/hasAttributes/SalesForeignKeyAmount
is.dataFormat.numeric.shaped
is.dataFormat.numeric.shaped
output:/Resolved_SalesGroupFK_normalized.cdm.json.cdm.json/Resolved_SalesGroupFK_normalized.cdm.json/hasAttributes/ProductId
is.dataFormat.integer
is.identifiedBy
  [Parameter (Name / DefaultValue): attribute / this.attribute]
  [Argument Value: Resolved_SalesGroupFK_normalized.cdm.json/(resolvedAttributes)/ProductId]
is.dataFormat.integer
output:/Resolved_SalesGroupFK_normalized.cdm.json.cdm.json/Resolved_SalesGroupFK_normalized.cdm.json/hasAttributes/ProductName
is.dataFormat.character
is.dataFormat.big
is.dataFormat.array
is.dataFormat.character
is.dataFormat.array
