Resolved_NewPerson_normalized/attributeContext/Resolved_NewPerson_normalized/extends
Resolved_NewPerson_normalized/attributeContext/Resolved_NewPerson_normalized/extends/CdmEntity
Resolved_NewPerson_normalized/attributeContext/Resolved_NewPerson_normalized/PersonInfo
Resolved_NewPerson_normalized/attributeContext/Resolved_NewPerson_normalized/PersonInfo/Person
Resolved_NewPerson_normalized/attributeContext/Resolved_NewPerson_normalized/PersonInfo/Person/extends
Resolved_NewPerson_normalized/attributeContext/Resolved_NewPerson_normalized/PersonInfo/Person/extends/CdmEntity
Resolved_NewPerson_normalized/attributeContext/Resolved_NewPerson_normalized/PersonInfo/Person/someGroup
Resolved_NewPerson_normalized/attributeContext/Resolved_NewPerson_normalized/PersonInfo/Person/someGroup/someGroup
Resolved_NewPerson_normalized/attributeContext/Resolved_NewPerson_normalized/PersonInfo/Person/someGroup/someGroup/name
Resolved_NewPerson_normalized/attributeContext/Resolved_NewPerson_normalized/PersonInfo/Person/someGroup/someGroup/age
Resolved_NewPerson_normalized/attributeContext/Resolved_NewPerson_normalized/PersonInfo/Person/someGroup/someGroup/address
Resolved_NewPerson_normalized/attributeContext/Resolved_NewPerson_normalized/PersonInfo/Person/someGroup/someGroup/phoneNumber
Resolved_NewPerson_normalized/attributeContext/Resolved_NewPerson_normalized/PersonInfo/Person/someGroup/someGroup/email
Resolved_NewPerson_normalized/attributeContext/Resolved_NewPerson_normalized/PersonInfo/_generatedAttributeSet
Resolved_NewPerson_normalized/attributeContext/Resolved_NewPerson_normalized/PersonInfo/_generatedAttributeSet/_generatedAttributeRound0
Resolved_NewPerson_normalized/attributeContext/Resolved_NewPerson_normalized/PersonInfo/_generatedAttributeSet/_generatedAttributeRound0/name
output:/Resolved_NewPerson_normalized.cdm.json/Resolved_NewPerson_normalized/attributeContext/Resolved_NewPerson_normalized/PersonInfo/_generatedAttributeSet/_generatedAttributeRound0/name/Resolved_NewPerson_normalized/hasAttributes/PersonInfoName/(ref)
Resolved_NewPerson_normalized/attributeContext/Resolved_NewPerson_normalized/PersonInfo/_generatedAttributeSet/_generatedAttributeRound0/age
output:/Resolved_NewPerson_normalized.cdm.json/Resolved_NewPerson_normalized/attributeContext/Resolved_NewPerson_normalized/PersonInfo/_generatedAttributeSet/_generatedAttributeRound0/age/Resolved_NewPerson_normalized/hasAttributes/PersonInfoAge/(ref)
output:/Resolved_NewPerson_normalized.cdm.json/Resolved_NewPerson_normalized/hasAttributes/PersonInfoName
is.dataFormat.character
is.dataFormat.big
is.dataFormat.array
is.dataFormat.character
is.dataFormat.array
output:/Resolved_NewPerson_normalized.cdm.json/Resolved_NewPerson_normalized/hasAttributes/PersonInfoAge
is.dataFormat.integer
is.dataFormat.integer
