Resolved_NewPerson_structured/attributeContext/Resolved_NewPerson_structured/extends
Resolved_NewPerson_structured/attributeContext/Resolved_NewPerson_structured/extends/CdmEntity
Resolved_NewPerson_structured/attributeContext/Resolved_NewPerson_structured/PersonInfo
Resolved_NewPerson_structured/attributeContext/Resolved_NewPerson_structured/PersonInfo/Person
Resolved_NewPerson_structured/attributeContext/Resolved_NewPerson_structured/PersonInfo/Person/extends
Resolved_NewPerson_structured/attributeContext/Resolved_NewPerson_structured/PersonInfo/Person/extends/CdmEntity
Resolved_NewPerson_structured/attributeContext/Resolved_NewPerson_structured/PersonInfo/Person/someGroup
Resolved_NewPerson_structured/attributeContext/Resolved_NewPerson_structured/PersonInfo/Person/someGroup/someGroup
Resolved_NewPerson_structured/attributeContext/Resolved_NewPerson_structured/PersonInfo/Person/someGroup/someGroup/name
output:/Resolved_NewPerson_structured.cdm.json/Resolved_NewPerson_structured/attributeContext/Resolved_NewPerson_structured/PersonInfo/Person/someGroup/someGroup/name/Resolved_NewPerson_structured/hasAttributes/PersonInfo/members/name/(ref)
Resolved_NewPerson_structured/attributeContext/Resolved_NewPerson_structured/PersonInfo/Person/someGroup/someGroup/age
output:/Resolved_NewPerson_structured.cdm.json/Resolved_NewPerson_structured/attributeContext/Resolved_NewPerson_structured/PersonInfo/Person/someGroup/someGroup/age/Resolved_NewPerson_structured/hasAttributes/PersonInfo/members/age/(ref)
Resolved_NewPerson_structured/attributeContext/Resolved_NewPerson_structured/PersonInfo/Person/someGroup/someGroup/address
output:/Resolved_NewPerson_structured.cdm.json/Resolved_NewPerson_structured/attributeContext/Resolved_NewPerson_structured/PersonInfo/Person/someGroup/someGroup/address/Resolved_NewPerson_structured/hasAttributes/PersonInfo/members/address/(ref)
Resolved_NewPerson_structured/attributeContext/Resolved_NewPerson_structured/PersonInfo/Person/someGroup/someGroup/phoneNumber
output:/Resolved_NewPerson_structured.cdm.json/Resolved_NewPerson_structured/attributeContext/Resolved_NewPerson_structured/PersonInfo/Person/someGroup/someGroup/phoneNumber/Resolved_NewPerson_structured/hasAttributes/PersonInfo/members/phoneNumber/(ref)
Resolved_NewPerson_structured/attributeContext/Resolved_NewPerson_structured/PersonInfo/Person/someGroup/someGroup/email
output:/Resolved_NewPerson_structured.cdm.json/Resolved_NewPerson_structured/attributeContext/Resolved_NewPerson_structured/PersonInfo/Person/someGroup/someGroup/email/Resolved_NewPerson_structured/hasAttributes/PersonInfo/members/email/(ref)
output:/Resolved_NewPerson_structured.cdm.json/Resolved_NewPerson_structured/hasAttributes/PersonInfo/(ref)
