Resolved_TestEntityAttributeProjection/attributeContext/Resolved_TestEntityAttributeProjection/extends
Resolved_TestEntityAttributeProjection/attributeContext/Resolved_TestEntityAttributeProjection/extends/CdmEntity
Resolved_TestEntityAttributeProjection/attributeContext/Resolved_TestEntityAttributeProjection/TestEntityAttribute
Resolved_TestEntityAttributeProjection/attributeContext/Resolved_TestEntityAttributeProjection/TestEntityAttribute/projection
Resolved_TestEntityAttributeProjection/attributeContext/Resolved_TestEntityAttributeProjection/TestEntityAttribute/projection/source
Resolved_TestEntityAttributeProjection/attributeContext/Resolved_TestEntityAttributeProjection/TestEntityAttribute/projection/source/TestSource
Resolved_TestEntityAttributeProjection/attributeContext/Resolved_TestEntityAttributeProjection/TestEntityAttribute/projection/source/TestSource/extends
Resolved_TestEntityAttributeProjection/attributeContext/Resolved_TestEntityAttributeProjection/TestEntityAttribute/projection/source/TestSource/extends/CdmEntity
Resolved_TestEntityAttributeProjection/attributeContext/Resolved_TestEntityAttributeProjection/TestEntityAttribute/projection/source/TestSource/TestAttribute
output:/Resolved_TestEntityAttributeProjection.cdm.json/Resolved_TestEntityAttributeProjection/attributeContext/Resolved_TestEntityAttributeProjection/TestEntityAttribute/projection/source/TestSource/TestAttribute/Resolved_TestEntityAttributeProjection/hasAttributes/TestAttribute/(ref)
output:/Resolved_TestEntityAttributeProjection.cdm.json/Resolved_TestEntityAttributeProjection/hasAttributes/TestAttribute
is.dataFormat.character
is.dataFormat.big
is.dataFormat.array
is.localized.displayedAs
  [Parameter (Name / DefaultValue): localizedDisplayText / ]
  [Argument Value: en,TestAttribute]
is.dataFormat.character
is.dataFormat.array
